#-----------------------------------------------------------
# Vivado v2024.1 (64-bit)
# SW Build 5076996 on Wed May 22 18:37:14 MDT 2024
# IP Build 5075265 on Wed May 22 21:45:21 MDT 2024
# SharedData Build 5076995 on Wed May 22 18:29:18 MDT 2024
# Start of session at: Sun Jun 21 21:42:45 2026
# Process ID: 3680
# Current directory: D:/Github/ttgf_xoroshiro64/vivado/xoroshiro64
# Command line: vivado.exe -gui_launcher_event rodinguilauncherevent26896 D:\Github\ttgf_xoroshiro64\vivado\xoroshiro64\xoroshiro64.xpr
# Log file: D:/Github/ttgf_xoroshiro64/vivado/xoroshiro64/vivado.log
# Journal file: D:/Github/ttgf_xoroshiro64/vivado/xoroshiro64\vivado.jou
# Running On        :GHOST
# Platform          :Windows Server 2016 or Windows 10
# Operating System  :26200
# Processor Detail  :Intel(R) Core(TM) i5-10300H CPU @ 2.50GHz
# CPU Frequency     :2496 MHz
# CPU Physical cores:4
# CPU Logical cores :8
# Host memory       :17041 MB
# Swap memory       :7247 MB
# Total Virtual     :24289 MB
# Available Virtual :11835 MB
#-----------------------------------------------------------
start_gui
open_project D:/Github/ttgf_xoroshiro64/vivado/xoroshiro64/xoroshiro64.xpr
WARNING: [Board 49-26] cannot add Board Part xilinx.com:kc705:part0:1.6 available at D:/SOFTWARES/vivado2024/install/Vivado/2024.1/data/xhub/boards/XilinxBoardStore/boards/Xilinx/kc705/1.6/board.xml as part xc7k325tffg900-2 specified in board_part file is either invalid or not available
WARNING: [Board 49-26] cannot add Board Part xilinx.com:kcu105:part0:1.6 available at D:/SOFTWARES/vivado2024/install/Vivado/2024.1/data/xhub/boards/XilinxBoardStore/boards/Xilinx/kcu105/1.6/board.xml as part xcku040-ffva1156-2-e specified in board_part file is either invalid or not available
WARNING: [Board 49-26] cannot add Board Part xilinx.com:kcu105:part0:1.7 available at D:/SOFTWARES/vivado2024/install/Vivado/2024.1/data/xhub/boards/XilinxBoardStore/boards/Xilinx/kcu105/1.7/board.xml as part xcku040-ffva1156-2-e specified in board_part file is either invalid or not available
WARNING: [Board 49-26] cannot add Board Part xilinx.com:kcu1500:part0:1.2 available at D:/SOFTWARES/vivado2024/install/Vivado/2024.1/data/xhub/boards/XilinxBoardStore/boards/Xilinx/kcu1500/1.2/board.xml as part xcku115-flvb2104-2-e specified in board_part file is either invalid or not available
WARNING: [Board 49-26] cannot add Board Part xilinx.com:vc707:part0:1.4 available at D:/SOFTWARES/vivado2024/install/Vivado/2024.1/data/xhub/boards/XilinxBoardStore/boards/Xilinx/vc707/1.4/board.xml as part xc7vx485tffg1761-2 specified in board_part file is either invalid or not available
WARNING: [Board 49-26] cannot add Board Part xilinx.com:vc709:part0:1.8 available at D:/SOFTWARES/vivado2024/install/Vivado/2024.1/data/xhub/boards/XilinxBoardStore/boards/Xilinx/vc709/1.8/board.xml as part xc7vx690tffg1761-2 specified in board_part file is either invalid or not available
WARNING: [Board 49-26] cannot add Board Part xilinx.com:vck190:part0:2.2 available at D:/SOFTWARES/vivado2024/install/Vivado/2024.1/data/xhub/boards/XilinxBoardStore/boards/Xilinx/vck190/production/2.2/board.xml as part xcvc1902-vsva2197-2mp-e-s specified in board_part file is either invalid or not available
WARNING: [Board 49-26] cannot add Board Part xilinx.com:vck190:part0:3.0 available at D:/SOFTWARES/vivado2024/install/Vivado/2024.1/data/xhub/boards/XilinxBoardStore/boards/Xilinx/vck190/production/3.0/board.xml as part xcvc1902-vsva2197-2mp-e-s specified in board_part file is either invalid or not available
WARNING: [Board 49-26] cannot add Board Part xilinx.com:vck190:part0:3.1 available at D:/SOFTWARES/vivado2024/install/Vivado/2024.1/data/xhub/boards/XilinxBoardStore/boards/Xilinx/vck190/production/3.1/board.xml as part xcvc1902-vsva2197-2mp-e-s specified in board_part file is either invalid or not available
WARNING: [Board 49-26] cannot add Board Part xilinx.com:vck190:part0:3.2 available at D:/SOFTWARES/vivado2024/install/Vivado/2024.1/data/xhub/boards/XilinxBoardStore/boards/Xilinx/vck190/production/3.2/board.xml as part xcvc1902-vsva2197-2mp-e-s specified in board_part file is either invalid or not available
WARNING: [Board 49-26] cannot add Board Part xilinx.com:vck190:part0:3.3 available at D:/SOFTWARES/vivado2024/install/Vivado/2024.1/data/xhub/boards/XilinxBoardStore/boards/Xilinx/vck190/production/3.3/board.xml as part xcvc1902-vsva2197-2mp-e-s specified in board_part file is either invalid or not available
WARNING: [Board 49-26] cannot add Board Part xilinx.com:vck190_newl:part0:1.0 available at D:/SOFTWARES/vivado2024/install/Vivado/2024.1/data/xhub/boards/XilinxBoardStore/boards/Xilinx/vck190_newl/production/1.0/board.xml as part xcvc1902-vsva2197-2mp-e-s specified in board_part file is either invalid or not available
WARNING: [Board 49-26] cannot add Board Part xilinx.com:vck190_newl:part0:1.1 available at D:/SOFTWARES/vivado2024/install/Vivado/2024.1/data/xhub/boards/XilinxBoardStore/boards/Xilinx/vck190_newl/production/1.1/board.xml as part xcvc1902-vsva2197-2mp-e-s specified in board_part file is either invalid or not available
WARNING: [Board 49-26] cannot add Board Part xilinx.com:vck190_newl:part0:1.2 available at D:/SOFTWARES/vivado2024/install/Vivado/2024.1/data/xhub/boards/XilinxBoardStore/boards/Xilinx/vck190_newl/production/1.2/board.xml as part xcvc1902-vsva2197-2mp-e-s specified in board_part file is either invalid or not available
WARNING: [Board 49-26] cannot add Board Part xilinx.com:vcu108:part0:1.6 available at D:/SOFTWARES/vivado2024/install/Vivado/2024.1/data/xhub/boards/XilinxBoardStore/boards/Xilinx/vcu108/1.6/board.xml as part xcvu095-ffva2104-2-e specified in board_part file is either invalid or not available
WARNING: [Board 49-26] cannot add Board Part xilinx.com:vcu108:part0:1.7 available at D:/SOFTWARES/vivado2024/install/Vivado/2024.1/data/xhub/boards/XilinxBoardStore/boards/Xilinx/vcu108/1.7/board.xml as part xcvu095-ffva2104-2-e specified in board_part file is either invalid or not available
WARNING: [Board 49-26] cannot add Board Part xilinx.com:vcu110:part0:1.4 available at D:/SOFTWARES/vivado2024/install/Vivado/2024.1/data/xhub/boards/XilinxBoardStore/boards/Xilinx/vcu110/1.4/board.xml as part xcvu190-flgc2104-2-e specified in board_part file is either invalid or not available
WARNING: [Board 49-26] cannot add Board Part xilinx.com:vcu118:part0:2.0 available at D:/SOFTWARES/vivado2024/install/Vivado/2024.1/data/xhub/boards/XilinxBoardStore/boards/Xilinx/vcu118/2.0/board.xml as part xcvu9p-flga2104-2l-e specified in board_part file is either invalid or not available
WARNING: [Board 49-26] cannot add Board Part xilinx.com:vcu118:part0:2.3 available at D:/SOFTWARES/vivado2024/install/Vivado/2024.1/data/xhub/boards/XilinxBoardStore/boards/Xilinx/vcu118/2.3/board.xml as part xcvu9p-flga2104-2l-e specified in board_part file is either invalid or not available
WARNING: [Board 49-26] cannot add Board Part xilinx.com:vcu118:part0:2.4 available at D:/SOFTWARES/vivado2024/install/Vivado/2024.1/data/xhub/boards/XilinxBoardStore/boards/Xilinx/vcu118/2.4/board.xml as part xcvu9p-flga2104-2l-e specified in board_part file is either invalid or not available
WARNING: [Board 49-26] cannot add Board Part xilinx.com:vcu129:part0:1.0 available at D:/SOFTWARES/vivado2024/install/Vivado/2024.1/data/xhub/boards/XilinxBoardStore/boards/Xilinx/vcu129/production/1.0/board.xml as part xcvu29p-fsga2577-2l-e specified in board_part file is either invalid or not available
WARNING: [Board 49-26] cannot add Board Part xilinx.com:vcu1525:part0:1.3 available at D:/SOFTWARES/vivado2024/install/Vivado/2024.1/data/xhub/boards/XilinxBoardStore/boards/Xilinx/vcu1525/1.3/board.xml as part xcvu9p-fsgd2104-2l-e specified in board_part file is either invalid or not available
WARNING: [Board 49-26] cannot add Board Part xilinx.com:vek280:part0:1.0 available at D:/SOFTWARES/vivado2024/install/Vivado/2024.1/data/xhub/boards/XilinxBoardStore/boards/Xilinx/vek280/production/1.0/board.xml as part xcve2802-vsvh1760-2mp-e-s specified in board_part file is either invalid or not available
WARNING: [Board 49-26] cannot add Board Part xilinx.com:vek280:part0:1.1 available at D:/SOFTWARES/vivado2024/install/Vivado/2024.1/data/xhub/boards/XilinxBoardStore/boards/Xilinx/vek280/production/1.1/board.xml as part xcve2802-vsvh1760-2mp-e-s specified in board_part file is either invalid or not available
WARNING: [Board 49-26] cannot add Board Part xilinx.com:vek280:part0:1.2 available at D:/SOFTWARES/vivado2024/install/Vivado/2024.1/data/xhub/boards/XilinxBoardStore/boards/Xilinx/vek280/production/1.2/board.xml as part xcve2802-vsvh1760-2mp-e-s specified in board_part file is either invalid or not available
WARNING: [Board 49-26] cannot add Board Part xilinx.com:vek280_es:part0:1.0 available at D:/SOFTWARES/vivado2024/install/Vivado/2024.1/data/xhub/boards/XilinxBoardStore/boards/Xilinx/vek280/es/rev_a/1.0/board.xml as part xcve2802-vsvh1760-2lp-e-s-es1 specified in board_part file is either invalid or not available
WARNING: [Board 49-26] cannot add Board Part xilinx.com:vek280_es:part0:1.1 available at D:/SOFTWARES/vivado2024/install/Vivado/2024.1/data/xhub/boards/XilinxBoardStore/boards/Xilinx/vek280/es/rev_a/1.1/board.xml as part xcve2802-vsvh1760-2lp-e-s-es1 specified in board_part file is either invalid or not available
WARNING: [Board 49-26] cannot add Board Part xilinx.com:vek280_es_revb:part0:1.0 available at D:/SOFTWARES/vivado2024/install/Vivado/2024.1/data/xhub/boards/XilinxBoardStore/boards/Xilinx/vek280/es/rev_b/1.0/board.xml as part xcve2802-vsvh1760-2mp-e-s-es1 specified in board_part file is either invalid or not available
WARNING: [Board 49-26] cannot add Board Part xilinx.com:vek280_es_revb:part0:1.1 available at D:/SOFTWARES/vivado2024/install/Vivado/2024.1/data/xhub/boards/XilinxBoardStore/boards/Xilinx/vek280/es/rev_b/1.1/board.xml as part xcve2802-vsvh1760-2mp-e-s-es1 specified in board_part file is either invalid or not available
WARNING: [Board 49-26] cannot add Board Part xilinx.com:vermeo_t1_mpsoc:part0:1.0 available at D:/SOFTWARES/vivado2024/install/Vivado/2024.1/data/xhub/boards/XilinxBoardStore/boards/Xilinx/vermeo_t1_mpsoc/1.0/board.xml as part xczu19eg-ffvd1760-2l-e specified in board_part file is either invalid or not available
WARNING: [Board 49-26] cannot add Board Part xilinx.com:vermeo_t1_rfsoc:part0:1.0 available at D:/SOFTWARES/vivado2024/install/Vivado/2024.1/data/xhub/boards/XilinxBoardStore/boards/Xilinx/vermeo_t1_rfsoc/1.0/board.xml as part xczu21dr-ffvd1156-2l-e specified in board_part file is either invalid or not available
WARNING: [Board 49-26] cannot add Board Part xilinx.com:vhk158:part0:1.0 available at D:/SOFTWARES/vivado2024/install/Vivado/2024.1/data/xhub/boards/XilinxBoardStore/boards/Xilinx/vhk158/production/1.0/board.xml as part xcvh1582-vsva3697-2mp-e-s specified in board_part file is either invalid or not available
WARNING: [Board 49-26] cannot add Board Part xilinx.com:vhk158:part0:1.1 available at D:/SOFTWARES/vivado2024/install/Vivado/2024.1/data/xhub/boards/XilinxBoardStore/boards/Xilinx/vhk158/production/1.1/board.xml as part xcvh1582-vsva3697-2mp-e-s specified in board_part file is either invalid or not available
WARNING: [Board 49-26] cannot add Board Part xilinx.com:vhk158_es:part0:1.0 available at D:/SOFTWARES/vivado2024/install/Vivado/2024.1/data/xhub/boards/XilinxBoardStore/boards/Xilinx/vhk158/es/1.0/board.xml as part xcvh1582-vsva3697-2mp-e-s-es1 specified in board_part file is either invalid or not available
WARNING: [Board 49-26] cannot add Board Part xilinx.com:vhk158_es:part0:1.1 available at D:/SOFTWARES/vivado2024/install/Vivado/2024.1/data/xhub/boards/XilinxBoardStore/boards/Xilinx/vhk158/es/1.1/board.xml as part xcvh1582-vsva3697-2mp-e-s-es1 specified in board_part file is either invalid or not available
WARNING: [Board 49-26] cannot add Board Part xilinx.com:vmk180:part0:2.2 available at D:/SOFTWARES/vivado2024/install/Vivado/2024.1/data/xhub/boards/XilinxBoardStore/boards/Xilinx/vmk180/production/2.2/board.xml as part xcvm1802-vsva2197-2mp-e-s specified in board_part file is either invalid or not available
WARNING: [Board 49-26] cannot add Board Part xilinx.com:vmk180:part0:3.0 available at D:/SOFTWARES/vivado2024/install/Vivado/2024.1/data/xhub/boards/XilinxBoardStore/boards/Xilinx/vmk180/production/3.0/board.xml as part xcvm1802-vsva2197-2mp-e-s specified in board_part file is either invalid or not available
WARNING: [Board 49-26] cannot add Board Part xilinx.com:vmk180:part0:3.1 available at D:/SOFTWARES/vivado2024/install/Vivado/2024.1/data/xhub/boards/XilinxBoardStore/boards/Xilinx/vmk180/production/3.1/board.xml as part xcvm1802-vsva2197-2mp-e-s specified in board_part file is either invalid or not available
WARNING: [Board 49-26] cannot add Board Part xilinx.com:vmk180:part0:3.2 available at D:/SOFTWARES/vivado2024/install/Vivado/2024.1/data/xhub/boards/XilinxBoardStore/boards/Xilinx/vmk180/production/3.2/board.xml as part xcvm1802-vsva2197-2mp-e-s specified in board_part file is either invalid or not available
WARNING: [Board 49-26] cannot add Board Part xilinx.com:vmk180_newl:part0:1.0 available at D:/SOFTWARES/vivado2024/install/Vivado/2024.1/data/xhub/boards/XilinxBoardStore/boards/Xilinx/vmk180_newl/production/1.0/board.xml as part xcvm1802-vsva2197-2mp-e-s specified in board_part file is either invalid or not available
WARNING: [Board 49-26] cannot add Board Part xilinx.com:vmk180_newl:part0:1.1 available at D:/SOFTWARES/vivado2024/install/Vivado/2024.1/data/xhub/boards/XilinxBoardStore/boards/Xilinx/vmk180_newl/production/1.1/board.xml as part xcvm1802-vsva2197-2mp-e-s specified in board_part file is either invalid or not available
WARNING: [Board 49-26] cannot add Board Part xilinx.com:vpk120:part0:1.0 available at D:/SOFTWARES/vivado2024/install/Vivado/2024.1/data/xhub/boards/XilinxBoardStore/boards/Xilinx/vpk120/production/1.0/board.xml as part xcvp1202-vsva2785-2mp-e-s specified in board_part file is either invalid or not available
WARNING: [Board 49-26] cannot add Board Part xilinx.com:vpk120:part0:1.1 available at D:/SOFTWARES/vivado2024/install/Vivado/2024.1/data/xhub/boards/XilinxBoardStore/boards/Xilinx/vpk120/production/1.1/board.xml as part xcvp1202-vsva2785-2mp-e-s specified in board_part file is either invalid or not available
WARNING: [Board 49-26] cannot add Board Part xilinx.com:vpk120:part0:1.2 available at D:/SOFTWARES/vivado2024/install/Vivado/2024.1/data/xhub/boards/XilinxBoardStore/boards/Xilinx/vpk120/production/1.2/board.xml as part xcvp1202-vsva2785-2mp-e-s specified in board_part file is either invalid or not available
WARNING: [Board 49-26] cannot add Board Part xilinx.com:vpk180:part0:1.0 available at D:/SOFTWARES/vivado2024/install/Vivado/2024.1/data/xhub/boards/XilinxBoardStore/boards/Xilinx/vpk180/production/1.0/board.xml as part xcvp1802-lsvc4072-2mp-e-s specified in board_part file is either invalid or not available
WARNING: [Board 49-26] cannot add Board Part xilinx.com:vpk180:part0:1.1 available at D:/SOFTWARES/vivado2024/install/Vivado/2024.1/data/xhub/boards/XilinxBoardStore/boards/Xilinx/vpk180/production/1.1/board.xml as part xcvp1802-lsvc4072-2mp-e-s specified in board_part file is either invalid or not available
WARNING: [Board 49-26] cannot add Board Part xilinx.com:vpk180:part0:1.2 available at D:/SOFTWARES/vivado2024/install/Vivado/2024.1/data/xhub/boards/XilinxBoardStore/boards/Xilinx/vpk180/production/1.2/board.xml as part xcvp1802-lsvc4072-2mp-e-s specified in board_part file is either invalid or not available
WARNING: [Board 49-26] cannot add Board Part xilinx.com:zc706:part0:1.4 available at D:/SOFTWARES/vivado2024/install/Vivado/2024.1/data/xhub/boards/XilinxBoardStore/boards/Xilinx/zc706/1.4/board.xml as part xc7z045ffg900-2 specified in board_part file is either invalid or not available
WARNING: [Board 49-26] cannot add Board Part xilinx.com:zcu102:part0:3.3 available at D:/SOFTWARES/vivado2024/install/Vivado/2024.1/data/xhub/boards/XilinxBoardStore/boards/Xilinx/zcu102/3.3/board.xml as part xczu9eg-ffvb1156-2-e specified in board_part file is either invalid or not available
WARNING: [Board 49-26] cannot add Board Part xilinx.com:zcu102:part0:3.4 available at D:/SOFTWARES/vivado2024/install/Vivado/2024.1/data/xhub/boards/XilinxBoardStore/boards/Xilinx/zcu102/3.4/board.xml as part xczu9eg-ffvb1156-2-e specified in board_part file is either invalid or not available
WARNING: [Board 49-26] cannot add Board Part xilinx.com:zcu111:part0:1.2 available at D:/SOFTWARES/vivado2024/install/Vivado/2024.1/data/xhub/boards/XilinxBoardStore/boards/Xilinx/zcu111/1.2/board.xml as part xczu28dr-ffvg1517-2-e specified in board_part file is either invalid or not available
WARNING: [Board 49-26] cannot add Board Part xilinx.com:zcu111:part0:1.3 available at D:/SOFTWARES/vivado2024/install/Vivado/2024.1/data/xhub/boards/XilinxBoardStore/boards/Xilinx/zcu111/1.3/board.xml as part xczu28dr-ffvg1517-2-e specified in board_part file is either invalid or not available
WARNING: [Board 49-26] cannot add Board Part xilinx.com:zcu111:part0:1.4 available at D:/SOFTWARES/vivado2024/install/Vivado/2024.1/data/xhub/boards/XilinxBoardStore/boards/Xilinx/zcu111/1.4/board.xml as part xczu28dr-ffvg1517-2-e specified in board_part file is either invalid or not available
WARNING: [Board 49-26] cannot add Board Part xilinx.com:zcu1275:part0:1.0 available at D:/SOFTWARES/vivado2024/install/Vivado/2024.1/data/xhub/boards/XilinxBoardStore/boards/Xilinx/zcu1275/1.0/board.xml as part xczu29dr-ffvf1760-2-e specified in board_part file is either invalid or not available
WARNING: [Board 49-26] cannot add Board Part xilinx.com:zcu1285:part0:1.0 available at D:/SOFTWARES/vivado2024/install/Vivado/2024.1/data/xhub/boards/XilinxBoardStore/boards/Xilinx/zcu1285/1.0/board.xml as part xczu39dr-ffvf1760-2-i specified in board_part file is either invalid or not available
WARNING: [Board 49-26] cannot add Board Part xilinx.com:zcu208:part0:2.0 available at D:/SOFTWARES/vivado2024/install/Vivado/2024.1/data/xhub/boards/XilinxBoardStore/boards/Xilinx/zcu208/production/2.0/board.xml as part xczu48dr-fsvg1517-2-e specified in board_part file is either invalid or not available
WARNING: [Board 49-26] cannot add Board Part xilinx.com:zcu208ld:part0:2.0 available at D:/SOFTWARES/vivado2024/install/Vivado/2024.1/data/xhub/boards/XilinxBoardStore/boards/Xilinx/zcu208ld/production/2.0/board.xml as part xczu58dr-fsvg1517-2-i specified in board_part file is either invalid or not available
WARNING: [Board 49-26] cannot add Board Part xilinx.com:zcu216:part0:2.0 available at D:/SOFTWARES/vivado2024/install/Vivado/2024.1/data/xhub/boards/XilinxBoardStore/boards/Xilinx/zcu216/production/2.0/board.xml as part xczu49dr-ffvf1760-2-e specified in board_part file is either invalid or not available
WARNING: [Board 49-26] cannot add Board Part xilinx.com:zcu216ld:part0:2.0 available at D:/SOFTWARES/vivado2024/install/Vivado/2024.1/data/xhub/boards/XilinxBoardStore/boards/Xilinx/zcu216ld/production/2.0/board.xml as part xczu59dr-ffvf1760-2-i specified in board_part file is either invalid or not available
WARNING: [Board 49-26] cannot add Board Part xilinx.com:zcu670:part0:2.0 available at D:/SOFTWARES/vivado2024/install/Vivado/2024.1/data/xhub/boards/XilinxBoardStore/boards/Xilinx/zcu670/2.0/board.xml as part xczu67dr-fsve1156-2-i specified in board_part file is either invalid or not available
WARNING: [Board 49-26] cannot add Board Part xilinx.com:zcu670ld:part0:1.0 available at D:/SOFTWARES/vivado2024/install/Vivado/2024.1/data/xhub/boards/XilinxBoardStore/boards/Xilinx/zcu670ld/1.0/board.xml as part xczu57dr-fsve1156-2-i specified in board_part file is either invalid or not available
INFO: [filemgmt 56-3] Default IP Output Path : Could not find the directory 'D:/Github/ttgf_xoroshiro64/vivado/xoroshiro64/xoroshiro64.gen/sources_1'.
Scanning sources...
Finished scanning sources
INFO: [IP_Flow 19-234] Refreshing IP repositories
INFO: [IP_Flow 19-1704] No user IP repositories specified
INFO: [IP_Flow 19-2313] Loaded Vivado IP repository 'D:/SOFTWARES/vivado2024/install/Vivado/2024.1/data/ip'.
open_project: Time (s): cpu = 00:00:45 ; elapsed = 00:00:49 . Memory (MB): peak = 1522.027 ; gain = 453.672
update_compile_order -fileset sources_1
launch_simulation
Command: launch_simulation 
INFO: [Vivado 12-12493] Simulation top is 'tb_tt_um_xoroshiro64plus_v2'
WARNING: [Vivado 12-13340] Unable to auto find GCC executables from simulator install path! (path not set)
INFO: [Vivado 12-5682] Launching behavioral simulation in 'D:/Github/ttgf_xoroshiro64/vivado/xoroshiro64/xoroshiro64.sim/sim_1/behav/xsim'
INFO: [SIM-utils-51] Simulation object is 'sim_1'
INFO: [SIM-utils-72] Using boost library from 'D:/SOFTWARES/vivado2024/install/Vivado/2024.1/tps/boost_1_72_0'
INFO: [SIM-utils-54] Inspecting design source files for 'tb_tt_um_xoroshiro64plus_v2' in fileset 'sim_1'...
INFO: [USF-XSim-97] Finding global include files...
INFO: [USF-XSim-98] Fetching design files from 'sim_1'...
INFO: [USF-XSim-2] XSim::Compile design
INFO: [USF-XSim-61] Executing 'COMPILE and ANALYZE' step in 'D:/Github/ttgf_xoroshiro64/vivado/xoroshiro64/xoroshiro64.sim/sim_1/behav/xsim'
"xvlog --incr --relax -prj tb_tt_um_xoroshiro64plus_v2_vlog.prj"
INFO: [VRFC 10-2263] Analyzing Verilog file "D:/Github/ttgf_xoroshiro64/src/tt_um_xoroshiro64plus_v2.v" into library xil_defaultlib
INFO: [VRFC 10-311] analyzing module tt_um_xoroshiro64plus_v2
INFO: [VRFC 10-2263] Analyzing Verilog file "D:/Github/ttgf_xoroshiro64/src/xoroshiro64p.v" into library xil_defaultlib
INFO: [VRFC 10-311] analyzing module xoroshiro64plus
INFO: [VRFC 10-2263] Analyzing Verilog file "D:/Github/ttgf_xoroshiro64/src/tb_tt_um_xoroshiro64plus_v2.v" into library xil_defaultlib
INFO: [VRFC 10-311] analyzing module tb_tt_um_xoroshiro64plus_v2
INFO: [USF-XSim-69] 'compile' step finished in '5' seconds
INFO: [USF-XSim-3] XSim::Elaborate design
INFO: [USF-XSim-61] Executing 'ELABORATE' step in 'D:/Github/ttgf_xoroshiro64/vivado/xoroshiro64/xoroshiro64.sim/sim_1/behav/xsim'
"xelab --incr --debug typical --relax --mt 2 -L xil_defaultlib -L unisims_ver -L unimacro_ver -L secureip --snapshot tb_tt_um_xoroshiro64plus_v2_behav xil_defaultlib.tb_tt_um_xoroshiro64plus_v2 xil_defaultlib.glbl -log elaborate.log"
Vivado Simulator v2024.1
Copyright 1986-2022 Xilinx, Inc. All Rights Reserved.
Copyright 2022-2024 Advanced Micro Devices, Inc. All Rights Reserved.
Running: D:/SOFTWARES/vivado2024/install/Vivado/2024.1/bin/unwrapped/win64.o/xelab.exe --incr --debug typical --relax --mt 2 -L xil_defaultlib -L unisims_ver -L unimacro_ver -L secureip --snapshot tb_tt_um_xoroshiro64plus_v2_behav xil_defaultlib.tb_tt_um_xoroshiro64plus_v2 xil_defaultlib.glbl -log elaborate.log 
Using 2 slave threads.
Starting static elaboration
Pass Through NonSizing Optimizer
ERROR: [VRFC 10-2063] Module <ring_osc> not found while processing module instance <ro20> [D:/Github/ttgf_xoroshiro64/src/tt_um_xoroshiro64plus_v2.v:27]
ERROR: [XSIM 43-3322] Static elaboration of top level Verilog design unit(s) in library work failed.
INFO: [USF-XSim-69] 'elaborate' step finished in '4' seconds
INFO: [USF-XSim-99] Step results log file:'D:/Github/ttgf_xoroshiro64/vivado/xoroshiro64/xoroshiro64.sim/sim_1/behav/xsim/elaborate.log'
ERROR: [USF-XSim-62] 'elaborate' step failed with error(s). Please check the Tcl console output or 'D:/Github/ttgf_xoroshiro64/vivado/xoroshiro64/xoroshiro64.sim/sim_1/behav/xsim/elaborate.log' file for more information.
ERROR: [Vivado 12-4473] Detected error while running simulation. Please correct the issue and retry this operation.
launch_simulation: Time (s): cpu = 00:00:01 ; elapsed = 00:00:11 . Memory (MB): peak = 1530.934 ; gain = 0.000
ERROR: [Common 17-39] 'launch_simulation' failed due to earlier errors.
add_files -norecurse D:/Github/ttgf_xoroshiro64/src/ring_osc.v
update_compile_order -fileset sources_1
launch_simulation
Command: launch_simulation 
INFO: [Vivado 12-12493] Simulation top is 'tb_tt_um_xoroshiro64plus_v2'
WARNING: [Vivado 12-13340] Unable to auto find GCC executables from simulator install path! (path not set)
INFO: [Vivado 12-5682] Launching behavioral simulation in 'D:/Github/ttgf_xoroshiro64/vivado/xoroshiro64/xoroshiro64.sim/sim_1/behav/xsim'
INFO: [SIM-utils-51] Simulation object is 'sim_1'
INFO: [SIM-utils-72] Using boost library from 'D:/SOFTWARES/vivado2024/install/Vivado/2024.1/tps/boost_1_72_0'
INFO: [SIM-utils-54] Inspecting design source files for 'tb_tt_um_xoroshiro64plus_v2' in fileset 'sim_1'...
INFO: [USF-XSim-97] Finding global include files...
INFO: [USF-XSim-98] Fetching design files from 'sim_1'...
INFO: [USF-XSim-2] XSim::Compile design
INFO: [USF-XSim-61] Executing 'COMPILE and ANALYZE' step in 'D:/Github/ttgf_xoroshiro64/vivado/xoroshiro64/xoroshiro64.sim/sim_1/behav/xsim'
"xvlog --incr --relax -prj tb_tt_um_xoroshiro64plus_v2_vlog.prj"
INFO: [VRFC 10-2263] Analyzing Verilog file "D:/Github/ttgf_xoroshiro64/src/ring_osc.v" into library xil_defaultlib
INFO: [VRFC 10-311] analyzing module GF_inverter
INFO: [VRFC 10-311] analyzing module ring_osc
INFO: [USF-XSim-69] 'compile' step finished in '3' seconds
INFO: [USF-XSim-3] XSim::Elaborate design
INFO: [USF-XSim-61] Executing 'ELABORATE' step in 'D:/Github/ttgf_xoroshiro64/vivado/xoroshiro64/xoroshiro64.sim/sim_1/behav/xsim'
"xelab --incr --debug typical --relax --mt 2 -L xil_defaultlib -L unisims_ver -L unimacro_ver -L secureip --snapshot tb_tt_um_xoroshiro64plus_v2_behav xil_defaultlib.tb_tt_um_xoroshiro64plus_v2 xil_defaultlib.glbl -log elaborate.log"
Vivado Simulator v2024.1
Copyright 1986-2022 Xilinx, Inc. All Rights Reserved.
Copyright 2022-2024 Advanced Micro Devices, Inc. All Rights Reserved.
Running: D:/SOFTWARES/vivado2024/install/Vivado/2024.1/bin/unwrapped/win64.o/xelab.exe --incr --debug typical --relax --mt 2 -L xil_defaultlib -L unisims_ver -L unimacro_ver -L secureip --snapshot tb_tt_um_xoroshiro64plus_v2_behav xil_defaultlib.tb_tt_um_xoroshiro64plus_v2 xil_defaultlib.glbl -log elaborate.log 
Using 2 slave threads.
Starting static elaboration
Pass Through NonSizing Optimizer
ERROR: [VRFC 10-2063] Module <gf180mcu_fd_sc_mcu7t5v0__inv_1> not found while processing module instance <gf180mcu_inverter> [D:/Github/ttgf_xoroshiro64/src/ring_osc.v:93]
ERROR: [VRFC 10-8530] module 'ring_osc(STAGES=97)' is ignored due to previous errors [D:/Github/ttgf_xoroshiro64/src/ring_osc.v:100]
ERROR: [XSIM 43-3322] Static elaboration of top level Verilog design unit(s) in library work failed.
INFO: [USF-XSim-69] 'elaborate' step finished in '4' seconds
INFO: [USF-XSim-99] Step results log file:'D:/Github/ttgf_xoroshiro64/vivado/xoroshiro64/xoroshiro64.sim/sim_1/behav/xsim/elaborate.log'
ERROR: [USF-XSim-62] 'elaborate' step failed with error(s). Please check the Tcl console output or 'D:/Github/ttgf_xoroshiro64/vivado/xoroshiro64/xoroshiro64.sim/sim_1/behav/xsim/elaborate.log' file for more information.
ERROR: [Vivado 12-4473] Detected error while running simulation. Please correct the issue and retry this operation.
launch_simulation: Time (s): cpu = 00:00:01 ; elapsed = 00:00:07 . Memory (MB): peak = 1559.109 ; gain = 0.000
ERROR: [Common 17-39] 'launch_simulation' failed due to earlier errors.
launch_simulation
Command: launch_simulation 
INFO: [Vivado 12-12493] Simulation top is 'tb_tt_um_xoroshiro64plus_v2'
WARNING: [Vivado 12-13340] Unable to auto find GCC executables from simulator install path! (path not set)
INFO: [Vivado 12-5682] Launching behavioral simulation in 'D:/Github/ttgf_xoroshiro64/vivado/xoroshiro64/xoroshiro64.sim/sim_1/behav/xsim'
INFO: [SIM-utils-51] Simulation object is 'sim_1'
INFO: [SIM-utils-72] Using boost library from 'D:/SOFTWARES/vivado2024/install/Vivado/2024.1/tps/boost_1_72_0'
INFO: [SIM-utils-54] Inspecting design source files for 'tb_tt_um_xoroshiro64plus_v2' in fileset 'sim_1'...
INFO: [USF-XSim-97] Finding global include files...
INFO: [USF-XSim-98] Fetching design files from 'sim_1'...
INFO: [USF-XSim-2] XSim::Compile design
INFO: [USF-XSim-61] Executing 'COMPILE and ANALYZE' step in 'D:/Github/ttgf_xoroshiro64/vivado/xoroshiro64/xoroshiro64.sim/sim_1/behav/xsim'
"xvlog --incr --relax -prj tb_tt_um_xoroshiro64plus_v2_vlog.prj"
INFO: [VRFC 10-2263] Analyzing Verilog file "D:/Github/ttgf_xoroshiro64/src/ring_osc.v" into library xil_defaultlib
INFO: [VRFC 10-311] analyzing module ring_osc
INFO: [VRFC 10-2263] Analyzing Verilog file "D:/Github/ttgf_xoroshiro64/src/tt_um_xoroshiro64plus_v2.v" into library xil_defaultlib
INFO: [VRFC 10-311] analyzing module tt_um_xoroshiro64plus_v2
INFO: [VRFC 10-2263] Analyzing Verilog file "D:/Github/ttgf_xoroshiro64/src/xoroshiro64p.v" into library xil_defaultlib
INFO: [VRFC 10-311] analyzing module xoroshiro64plus
INFO: [VRFC 10-2263] Analyzing Verilog file "D:/Github/ttgf_xoroshiro64/src/tb_tt_um_xoroshiro64plus_v2.v" into library xil_defaultlib
INFO: [VRFC 10-311] analyzing module tb_tt_um_xoroshiro64plus_v2
INFO: [USF-XSim-69] 'compile' step finished in '3' seconds
INFO: [USF-XSim-3] XSim::Elaborate design
INFO: [USF-XSim-61] Executing 'ELABORATE' step in 'D:/Github/ttgf_xoroshiro64/vivado/xoroshiro64/xoroshiro64.sim/sim_1/behav/xsim'
"xelab --incr --debug typical --relax --mt 2 -L xil_defaultlib -L unisims_ver -L unimacro_ver -L secureip --snapshot tb_tt_um_xoroshiro64plus_v2_behav xil_defaultlib.tb_tt_um_xoroshiro64plus_v2 xil_defaultlib.glbl -log elaborate.log"
Vivado Simulator v2024.1
Copyright 1986-2022 Xilinx, Inc. All Rights Reserved.
Copyright 2022-2024 Advanced Micro Devices, Inc. All Rights Reserved.
Running: D:/SOFTWARES/vivado2024/install/Vivado/2024.1/bin/unwrapped/win64.o/xelab.exe --incr --debug typical --relax --mt 2 -L xil_defaultlib -L unisims_ver -L unimacro_ver -L secureip --snapshot tb_tt_um_xoroshiro64plus_v2_behav xil_defaultlib.tb_tt_um_xoroshiro64plus_v2 xil_defaultlib.glbl -log elaborate.log 
Using 2 slave threads.
Starting static elaboration
Pass Through NonSizing Optimizer
ERROR: [VRFC 10-2991] 'osc_50m' is not declared under prefix 'dut' [D:/Github/ttgf_xoroshiro64/src/tb_tt_um_xoroshiro64plus_v2.v:361]
ERROR: [VRFC 10-2991] 'osc_50m' is not declared under prefix 'dut' [D:/Github/ttgf_xoroshiro64/src/tb_tt_um_xoroshiro64plus_v2.v:367]
ERROR: [VRFC 10-2991] 'osc_30m' is not declared under prefix 'dut' [D:/Github/ttgf_xoroshiro64/src/tb_tt_um_xoroshiro64plus_v2.v:372]
ERROR: [VRFC 10-2991] 'osc_30m' is not declared under prefix 'dut' [D:/Github/ttgf_xoroshiro64/src/tb_tt_um_xoroshiro64plus_v2.v:376]
ERROR: [VRFC 10-2991] 'osc_50m' is not declared under prefix 'dut' [D:/Github/ttgf_xoroshiro64/src/tb_tt_um_xoroshiro64plus_v2.v:391]
ERROR: [VRFC 10-2991] 'osc_50m' is not declared under prefix 'dut' [D:/Github/ttgf_xoroshiro64/src/tb_tt_um_xoroshiro64plus_v2.v:405]
ERROR: [VRFC 10-2991] 'osc_30m' is not declared under prefix 'dut' [D:/Github/ttgf_xoroshiro64/src/tb_tt_um_xoroshiro64plus_v2.v:412]
ERROR: [VRFC 10-2991] 'osc_30m' is not declared under prefix 'dut' [D:/Github/ttgf_xoroshiro64/src/tb_tt_um_xoroshiro64plus_v2.v:426]
ERROR: [XSIM 43-3322] Static elaboration of top level Verilog design unit(s) in library work failed.
INFO: [USF-XSim-69] 'elaborate' step finished in '3' seconds
INFO: [USF-XSim-99] Step results log file:'D:/Github/ttgf_xoroshiro64/vivado/xoroshiro64/xoroshiro64.sim/sim_1/behav/xsim/elaborate.log'
ERROR: [USF-XSim-62] 'elaborate' step failed with error(s). Please check the Tcl console output or 'D:/Github/ttgf_xoroshiro64/vivado/xoroshiro64/xoroshiro64.sim/sim_1/behav/xsim/elaborate.log' file for more information.
ERROR: [Vivado 12-4473] Detected error while running simulation. Please correct the issue and retry this operation.
launch_simulation: Time (s): cpu = 00:00:02 ; elapsed = 00:00:06 . Memory (MB): peak = 1576.566 ; gain = 0.000
ERROR: [Common 17-39] 'launch_simulation' failed due to earlier errors.
launch_simulation
Command: launch_simulation 
INFO: [Vivado 12-12493] Simulation top is 'tb_tt_um_xoroshiro64plus_v2'
WARNING: [Vivado 12-13340] Unable to auto find GCC executables from simulator install path! (path not set)
INFO: [Vivado 12-5682] Launching behavioral simulation in 'D:/Github/ttgf_xoroshiro64/vivado/xoroshiro64/xoroshiro64.sim/sim_1/behav/xsim'
INFO: [SIM-utils-51] Simulation object is 'sim_1'
INFO: [SIM-utils-72] Using boost library from 'D:/SOFTWARES/vivado2024/install/Vivado/2024.1/tps/boost_1_72_0'
INFO: [SIM-utils-54] Inspecting design source files for 'tb_tt_um_xoroshiro64plus_v2' in fileset 'sim_1'...
INFO: [USF-XSim-97] Finding global include files...
INFO: [USF-XSim-98] Fetching design files from 'sim_1'...
INFO: [USF-XSim-2] XSim::Compile design
INFO: [USF-XSim-61] Executing 'COMPILE and ANALYZE' step in 'D:/Github/ttgf_xoroshiro64/vivado/xoroshiro64/xoroshiro64.sim/sim_1/behav/xsim'
"xvlog --incr --relax -prj tb_tt_um_xoroshiro64plus_v2_vlog.prj"
INFO: [VRFC 10-2263] Analyzing Verilog file "D:/Github/ttgf_xoroshiro64/src/ring_osc.v" into library xil_defaultlib
INFO: [VRFC 10-311] analyzing module ring_osc
INFO: [VRFC 10-2263] Analyzing Verilog file "D:/Github/ttgf_xoroshiro64/src/tt_um_xoroshiro64plus_v2.v" into library xil_defaultlib
INFO: [VRFC 10-311] analyzing module tt_um_xoroshiro64plus_v2
INFO: [VRFC 10-2263] Analyzing Verilog file "D:/Github/ttgf_xoroshiro64/src/xoroshiro64p.v" into library xil_defaultlib
INFO: [VRFC 10-311] analyzing module xoroshiro64plus
INFO: [VRFC 10-2263] Analyzing Verilog file "D:/Github/ttgf_xoroshiro64/src/tb_tt_um_xoroshiro64plus_v2.v" into library xil_defaultlib
INFO: [VRFC 10-311] analyzing module tb_tt_um_xoroshiro64plus_v2
INFO: [USF-XSim-69] 'compile' step finished in '3' seconds
INFO: [USF-XSim-3] XSim::Elaborate design
INFO: [USF-XSim-61] Executing 'ELABORATE' step in 'D:/Github/ttgf_xoroshiro64/vivado/xoroshiro64/xoroshiro64.sim/sim_1/behav/xsim'
"xelab --incr --debug typical --relax --mt 2 -L xil_defaultlib -L unisims_ver -L unimacro_ver -L secureip --snapshot tb_tt_um_xoroshiro64plus_v2_behav xil_defaultlib.tb_tt_um_xoroshiro64plus_v2 xil_defaultlib.glbl -log elaborate.log"
Vivado Simulator v2024.1
Copyright 1986-2022 Xilinx, Inc. All Rights Reserved.
Copyright 2022-2024 Advanced Micro Devices, Inc. All Rights Reserved.
Running: D:/SOFTWARES/vivado2024/install/Vivado/2024.1/bin/unwrapped/win64.o/xelab.exe --incr --debug typical --relax --mt 2 -L xil_defaultlib -L unisims_ver -L unimacro_ver -L secureip --snapshot tb_tt_um_xoroshiro64plus_v2_behav xil_defaultlib.tb_tt_um_xoroshiro64plus_v2 xil_defaultlib.glbl -log elaborate.log 
Using 2 slave threads.
Starting static elaboration
Pass Through NonSizing Optimizer
Completed static elaboration
Starting simulation data flow analysis
WARNING: [XSIM 43-4099] "D:/Github/ttgf_xoroshiro64/src/tt_um_xoroshiro64plus_v2.v" Line 3. Module tt_um_xoroshiro64plus_v2 doesn't have a timescale but at least one module in design has a timescale.
WARNING: [XSIM 43-4099] "D:/Github/ttgf_xoroshiro64/src/ring_osc.v" Line 31. Module ring_osc(STAGES=53) doesn't have a timescale but at least one module in design has a timescale.
WARNING: [XSIM 43-4099] "D:/Github/ttgf_xoroshiro64/src/ring_osc.v" Line 31. Module ring_osc(STAGES=97) doesn't have a timescale but at least one module in design has a timescale.
WARNING: [XSIM 43-4099] "D:/Github/ttgf_xoroshiro64/src/xoroshiro64p.v" Line 186. Module xoroshiro64plus doesn't have a timescale but at least one module in design has a timescale.
WARNING: [XSIM 43-4099] "D:/Github/ttgf_xoroshiro64/src/tt_um_xoroshiro64plus_v2.v" Line 3. Module tt_um_xoroshiro64plus_v2 doesn't have a timescale but at least one module in design has a timescale.
WARNING: [XSIM 43-4099] "D:/Github/ttgf_xoroshiro64/src/ring_osc.v" Line 31. Module ring_osc(STAGES=53) doesn't have a timescale but at least one module in design has a timescale.
WARNING: [XSIM 43-4099] "D:/Github/ttgf_xoroshiro64/src/ring_osc.v" Line 31. Module ring_osc(STAGES=97) doesn't have a timescale but at least one module in design has a timescale.
WARNING: [XSIM 43-4099] "D:/Github/ttgf_xoroshiro64/src/xoroshiro64p.v" Line 186. Module xoroshiro64plus doesn't have a timescale but at least one module in design has a timescale.
Completed simulation data flow analysis
Time Resolution for simulation is 1ps
Compiling module xil_defaultlib.ring_osc(STAGES=53)
Compiling module xil_defaultlib.ring_osc(STAGES=97)
Compiling module xil_defaultlib.xoroshiro64plus
Compiling module xil_defaultlib.tt_um_xoroshiro64plus_v2
Compiling module xil_defaultlib.tb_tt_um_xoroshiro64plus_v2
Compiling module xil_defaultlib.glbl
Built simulation snapshot tb_tt_um_xoroshiro64plus_v2_behav
run_program: Time (s): cpu = 00:00:00 ; elapsed = 00:00:09 . Memory (MB): peak = 1576.566 ; gain = 0.000
INFO: [USF-XSim-69] 'elaborate' step finished in '10' seconds
INFO: [USF-XSim-4] XSim::Simulate design
INFO: [USF-XSim-61] Executing 'SIMULATE' step in 'D:/Github/ttgf_xoroshiro64/vivado/xoroshiro64/xoroshiro64.sim/sim_1/behav/xsim'
INFO: [USF-XSim-98] *** Running xsim
   with args "tb_tt_um_xoroshiro64plus_v2_behav -key {Behavioral:sim_1:Functional:tb_tt_um_xoroshiro64plus_v2} -tclbatch {tb_tt_um_xoroshiro64plus_v2.tcl} -view {D:/Github/ttgf_xoroshiro64/vivado/xoroshiro64/tb_xoroshiro64plus_v3_behav.wcfg} -log {simulate.log}"
INFO: [USF-XSim-8] Loading simulator feature
Time resolution is 1 ps
open_wave_config D:/Github/ttgf_xoroshiro64/vivado/xoroshiro64/tb_xoroshiro64plus_v3_behav.wcfg
WARNING: Simulation object /tb_tt_um_xoroshiro64plus_v2/dut/ro50/ena was not found in the design.
WARNING: Simulation object /tb_tt_um_xoroshiro64plus_v2/dut/ro50/osc_out was not found in the design.
WARNING: Simulation object /tb_tt_um_xoroshiro64plus_v2/dut/ro50/chain was not found in the design.
WARNING: Simulation object /tb_tt_um_xoroshiro64plus_v2/dut/ro50/STAGES was not found in the design.
WARNING: Simulation object /tb_tt_um_xoroshiro64plus_v2/dut/ro30/ena was not found in the design.
WARNING: Simulation object /tb_tt_um_xoroshiro64plus_v2/dut/ro30/osc_out was not found in the design.
WARNING: Simulation object /tb_tt_um_xoroshiro64plus_v2/dut/ro30/chain was not found in the design.
WARNING: Simulation object /tb_tt_um_xoroshiro64plus_v2/dut/ro30/STAGES was not found in the design.
WARNING: Simulation object /tb_tt_um_xoroshiro64plus_v2/dut/osc_50m was not found in the design.
WARNING: Simulation object /tb_tt_um_xoroshiro64plus_v2/dut/osc_30m was not found in the design.
source tb_tt_um_xoroshiro64plus_v2.tcl
# set curr_wave [current_wave_config]
# if { [string length $curr_wave] == 0 } {
#   if { [llength [get_objects]] > 0} {
#     add_wave /
#     set_property needs_save false [current_wave_config]
#   } else {
#      send_msg_id Add_Wave-1 WARNING "No top level signals found. Simulator will start without a wave window. If you want to open a wave window go to 'File->New Waveform Configuration' or type 'create_wave_config' in the TCL console."
#   }
# }
# run 1000ns
================================================================
 Starting tb_tt_um_xoroshiro64plus_v2
================================================================
[70000] PASS: uo_out/uio_out/uio_oe all 0x00 after reset
[390000] PASS: default-seed first word = 0xa9acaefc
[890000] PASS: core stays idle while ena=0
xsim: Time (s): cpu = 00:00:08 ; elapsed = 00:00:05 . Memory (MB): peak = 1600.164 ; gain = 23.598
INFO: [USF-XSim-96] XSim completed. Design snapshot 'tb_tt_um_xoroshiro64plus_v2_behav' loaded.
INFO: [USF-XSim-97] XSim simulation ran for 1000ns
launch_simulation: Time (s): cpu = 00:00:10 ; elapsed = 00:00:18 . Memory (MB): peak = 1600.164 ; gain = 23.598
run 5 us
[1440000] PASS: seeded(s0=1,s1=2) first word = 0x00000003
--- Randomized regression on external clk path ---
run 5 us
run 5 us
run 5 us
--- RO clk_sel paths: confirming documented X-freeze behavior ---
[16420000] PASS (expected): core_clk/osc_20m settled to X with clk_sel=01 (untimed RO, no SDF)
[16520000] PASS (expected): core_clk/osc_10m settled to X with clk_sel=10
--- RO clk_sel paths: forced synthetic clock, validating mux + core logic ---
[17440000] PASS: osc_20m mux path functional, first word = 0x00000003
[18737000] PASS: osc_10m mux path functional, first word = 0x00000003
================================================================
 Golden-model live compare (clk_sel=00 only): 1619 cycles checked, 0 mismatches
 Directed/RO tests: 8 PASSED, 0 FAILED
 RESULT: ALL TESTS PASSED
================================================================
$finish called at time : 18737400 ps : File "D:/Github/ttgf_xoroshiro64/src/tb_tt_um_xoroshiro64plus_v2.v" Line 440
run 5 us
run 5 us
run 5 us
run 5 us
run 5 us
run 5 us
run 5 us
run 5 us
run 5 us
run 5 us
run 5 us
run 5 us
restart
INFO: [Wavedata 42-604] Simulation restarted
run 5 us
================================================================
 Starting tb_tt_um_xoroshiro64plus_v2
================================================================
[70000] PASS: uo_out/uio_out/uio_oe all 0x00 after reset
[390000] PASS: default-seed first word = 0xa9acaefc
[890000] PASS: core stays idle while ena=0
[1440000] PASS: seeded(s0=1,s1=2) first word = 0x00000003
--- Randomized regression on external clk path ---
run 20 us
--- RO clk_sel paths: confirming documented X-freeze behavior ---
[16420000] PASS (expected): core_clk/osc_20m settled to X with clk_sel=01 (untimed RO, no SDF)
[16520000] PASS (expected): core_clk/osc_10m settled to X with clk_sel=10
--- RO clk_sel paths: forced synthetic clock, validating mux + core logic ---
[17440000] PASS: osc_20m mux path functional, first word = 0x00000003
[18737000] PASS: osc_10m mux path functional, first word = 0x00000003
================================================================
 Golden-model live compare (clk_sel=00 only): 1619 cycles checked, 0 mismatches
 Directed/RO tests: 8 PASSED, 0 FAILED
 RESULT: ALL TESTS PASSED
================================================================
$finish called at time : 18737400 ps : File "D:/Github/ttgf_xoroshiro64/src/tb_tt_um_xoroshiro64plus_v2.v" Line 440
run 20 us
run 20 us
restart
INFO: [Wavedata 42-604] Simulation restarted
run 20 us
================================================================
 Starting tb_tt_um_xoroshiro64plus_v2
================================================================
[70000] PASS: uo_out/uio_out/uio_oe all 0x00 after reset
[390000] PASS: default-seed first word = 0xa9acaefc
[890000] PASS: core stays idle while ena=0
[1440000] PASS: seeded(s0=1,s1=2) first word = 0x00000003
--- Randomized regression on external clk path ---
--- RO clk_sel paths: confirming documented X-freeze behavior ---
[16420000] PASS (expected): core_clk/osc_20m settled to X with clk_sel=01 (untimed RO, no SDF)
[16520000] PASS (expected): core_clk/osc_10m settled to X with clk_sel=10
--- RO clk_sel paths: forced synthetic clock, validating mux + core logic ---
[17440000] PASS: osc_20m mux path functional, first word = 0x00000003
[18737000] PASS: osc_10m mux path functional, first word = 0x00000003
================================================================
 Golden-model live compare (clk_sel=00 only): 1619 cycles checked, 0 mismatches
 Directed/RO tests: 8 PASSED, 0 FAILED
 RESULT: ALL TESTS PASSED
================================================================
$finish called at time : 18737400 ps : File "D:/Github/ttgf_xoroshiro64/src/tb_tt_um_xoroshiro64plus_v2.v" Line 440
current_wave_config {tb_xoroshiro64plus_v3_behav.wcfg}
tb_xoroshiro64plus_v3_behav.wcfg
add_wave {{/tb_tt_um_xoroshiro64plus_v2/dut/u_core}} 
current_wave_config {tb_xoroshiro64plus_v3_behav.wcfg}
tb_xoroshiro64plus_v3_behav.wcfg
add_wave {{/tb_tt_um_xoroshiro64plus_v2/dut/ui_in}} 
relaunch_sim
Command: launch_simulation -step compile -simset sim_1 -mode behavioral
INFO: [Vivado 12-12493] Simulation top is 'tb_tt_um_xoroshiro64plus_v2'
WARNING: [Vivado 12-13340] Unable to auto find GCC executables from simulator install path! (path not set)
INFO: [Vivado 12-5682] Launching behavioral simulation in 'D:/Github/ttgf_xoroshiro64/vivado/xoroshiro64/xoroshiro64.sim/sim_1/behav/xsim'
INFO: [SIM-utils-51] Simulation object is 'sim_1'
INFO: [SIM-utils-72] Using boost library from 'D:/SOFTWARES/vivado2024/install/Vivado/2024.1/tps/boost_1_72_0'
INFO: [SIM-utils-54] Inspecting design source files for 'tb_tt_um_xoroshiro64plus_v2' in fileset 'sim_1'...
INFO: [USF-XSim-97] Finding global include files...
INFO: [USF-XSim-98] Fetching design files from 'sim_1'...
INFO: [USF-XSim-2] XSim::Compile design
INFO: [USF-XSim-61] Executing 'COMPILE and ANALYZE' step in 'D:/Github/ttgf_xoroshiro64/vivado/xoroshiro64/xoroshiro64.sim/sim_1/behav/xsim'
"xvlog --incr --relax -prj tb_tt_um_xoroshiro64plus_v2_vlog.prj"
INFO: [VRFC 10-2263] Analyzing Verilog file "D:/Github/ttgf_xoroshiro64/src/ring_osc.v" into library xil_defaultlib
INFO: [VRFC 10-311] analyzing module ring_osc
INFO: [VRFC 10-2263] Analyzing Verilog file "D:/Github/ttgf_xoroshiro64/src/tt_um_xoroshiro64plus_v2.v" into library xil_defaultlib
INFO: [VRFC 10-311] analyzing module tt_um_xoroshiro64plus_v2
INFO: [VRFC 10-2263] Analyzing Verilog file "D:/Github/ttgf_xoroshiro64/src/xoroshiro64p.v" into library xil_defaultlib
INFO: [VRFC 10-311] analyzing module xoroshiro64plus
INFO: [VRFC 10-2263] Analyzing Verilog file "D:/Github/ttgf_xoroshiro64/src/tb_tt_um_xoroshiro64plus_v2.v" into library xil_defaultlib
INFO: [VRFC 10-311] analyzing module tb_tt_um_xoroshiro64plus_v2
INFO: [USF-XSim-69] 'compile' step finished in '3' seconds
Command: launch_simulation -step elaborate -simset sim_1 -mode behavioral
INFO: [Vivado 12-12493] Simulation top is 'tb_tt_um_xoroshiro64plus_v2'
WARNING: [Vivado 12-13340] Unable to auto find GCC executables from simulator install path! (path not set)
INFO: [Vivado 12-5682] Launching behavioral simulation in 'D:/Github/ttgf_xoroshiro64/vivado/xoroshiro64/xoroshiro64.sim/sim_1/behav/xsim'
INFO: [SIM-utils-51] Simulation object is 'sim_1'
INFO: [USF-XSim-3] XSim::Elaborate design
INFO: [USF-XSim-61] Executing 'ELABORATE' step in 'D:/Github/ttgf_xoroshiro64/vivado/xoroshiro64/xoroshiro64.sim/sim_1/behav/xsim'
"xelab --incr --debug typical --relax --mt 2 -L xil_defaultlib -L unisims_ver -L unimacro_ver -L secureip --snapshot tb_tt_um_xoroshiro64plus_v2_behav xil_defaultlib.tb_tt_um_xoroshiro64plus_v2 xil_defaultlib.glbl -log elaborate.log"
Vivado Simulator v2024.1
Copyright 1986-2022 Xilinx, Inc. All Rights Reserved.
Copyright 2022-2024 Advanced Micro Devices, Inc. All Rights Reserved.
Running: D:/SOFTWARES/vivado2024/install/Vivado/2024.1/bin/unwrapped/win64.o/xelab.exe --incr --debug typical --relax --mt 2 -L xil_defaultlib -L unisims_ver -L unimacro_ver -L secureip --snapshot tb_tt_um_xoroshiro64plus_v2_behav xil_defaultlib.tb_tt_um_xoroshiro64plus_v2 xil_defaultlib.glbl -log elaborate.log 
Using 2 slave threads.
Starting static elaboration
Pass Through NonSizing Optimizer
Completed static elaboration
Starting simulation data flow analysis
WARNING: [XSIM 43-4099] "D:/Github/ttgf_xoroshiro64/src/tt_um_xoroshiro64plus_v2.v" Line 3. Module tt_um_xoroshiro64plus_v2 doesn't have a timescale but at least one module in design has a timescale.
WARNING: [XSIM 43-4099] "D:/Github/ttgf_xoroshiro64/src/ring_osc.v" Line 31. Module ring_osc(STAGES=53) doesn't have a timescale but at least one module in design has a timescale.
WARNING: [XSIM 43-4099] "D:/Github/ttgf_xoroshiro64/src/ring_osc.v" Line 31. Module ring_osc(STAGES=97) doesn't have a timescale but at least one module in design has a timescale.
WARNING: [XSIM 43-4099] "D:/Github/ttgf_xoroshiro64/src/xoroshiro64p.v" Line 186. Module xoroshiro64plus doesn't have a timescale but at least one module in design has a timescale.
WARNING: [XSIM 43-4099] "D:/Github/ttgf_xoroshiro64/src/tt_um_xoroshiro64plus_v2.v" Line 3. Module tt_um_xoroshiro64plus_v2 doesn't have a timescale but at least one module in design has a timescale.
WARNING: [XSIM 43-4099] "D:/Github/ttgf_xoroshiro64/src/ring_osc.v" Line 31. Module ring_osc(STAGES=53) doesn't have a timescale but at least one module in design has a timescale.
WARNING: [XSIM 43-4099] "D:/Github/ttgf_xoroshiro64/src/ring_osc.v" Line 31. Module ring_osc(STAGES=97) doesn't have a timescale but at least one module in design has a timescale.
WARNING: [XSIM 43-4099] "D:/Github/ttgf_xoroshiro64/src/xoroshiro64p.v" Line 186. Module xoroshiro64plus doesn't have a timescale but at least one module in design has a timescale.
Completed simulation data flow analysis
Time Resolution for simulation is 1ps
Compiling module xil_defaultlib.ring_osc(STAGES=53)
Compiling module xil_defaultlib.ring_osc(STAGES=97)
Compiling module xil_defaultlib.xoroshiro64plus
Compiling module xil_defaultlib.tt_um_xoroshiro64plus_v2
Compiling module xil_defaultlib.tb_tt_um_xoroshiro64plus_v2
Compiling module xil_defaultlib.glbl
Built simulation snapshot tb_tt_um_xoroshiro64plus_v2_behav
run_program: Time (s): cpu = 00:00:00 ; elapsed = 00:00:06 . Memory (MB): peak = 2668.312 ; gain = 0.000
INFO: [USF-XSim-69] 'elaborate' step finished in '7' seconds
launch_simulation: Time (s): cpu = 00:00:00 ; elapsed = 00:00:06 . Memory (MB): peak = 2668.312 ; gain = 0.000
Time resolution is 1 ps
================================================================
 Starting tb_tt_um_xoroshiro64plus_v2
================================================================
[70000] PASS: uo_out/uio_out/uio_oe all 0x00 after reset
[390000] PASS: default-seed first word = 0xa9acaefc
[890000] PASS: core stays idle while ena=0
relaunch_sim: Time (s): cpu = 00:00:03 ; elapsed = 00:00:12 . Memory (MB): peak = 2668.312 ; gain = 0.000
restart
INFO: [Wavedata 42-604] Simulation restarted
run 20 us
================================================================
 Starting tb_tt_um_xoroshiro64plus_v2
================================================================
[70000] PASS: uo_out/uio_out/uio_oe all 0x00 after reset
[390000] PASS: default-seed first word = 0xa9acaefc
[890000] PASS: core stays idle while ena=0
[1440000] FAIL: seeded first word = 0xacf13568, expected 0x00000003
--- Randomized regression on external clk path ---
--- RO clk_sel paths: confirming documented X-freeze behavior ---
[16420000] PASS (expected): core_clk/osc_20m settled to X with clk_sel=01 (untimed RO, no SDF)
[16520000] PASS (expected): core_clk/osc_10m settled to X with clk_sel=10
--- RO clk_sel paths: forced synthetic clock, validating mux + core logic ---
[17440000] PASS: osc_20m mux path functional, first word = 0x00000003
[18737000] PASS: osc_10m mux path functional, first word = 0x00000003
================================================================
 Golden-model live compare (clk_sel=00 only): 1619 cycles checked, 0 mismatches
 Directed/RO tests: 7 PASSED, 1 FAILED
 RESULT: TESTS FAILED
================================================================
$finish called at time : 18737400 ps : File "D:/Github/ttgf_xoroshiro64/src/tb_tt_um_xoroshiro64plus_v2.v" Line 440
relaunch_sim
Command: launch_simulation -step compile -simset sim_1 -mode behavioral
INFO: [Vivado 12-12493] Simulation top is 'tb_tt_um_xoroshiro64plus_v2'
WARNING: [Vivado 12-13340] Unable to auto find GCC executables from simulator install path! (path not set)
INFO: [Vivado 12-5682] Launching behavioral simulation in 'D:/Github/ttgf_xoroshiro64/vivado/xoroshiro64/xoroshiro64.sim/sim_1/behav/xsim'
INFO: [SIM-utils-51] Simulation object is 'sim_1'
INFO: [USF-XSim-2] XSim::Compile design
INFO: [USF-XSim-61] Executing 'COMPILE and ANALYZE' step in 'D:/Github/ttgf_xoroshiro64/vivado/xoroshiro64/xoroshiro64.sim/sim_1/behav/xsim'
"xvlog --incr --relax -prj tb_tt_um_xoroshiro64plus_v2_vlog.prj"
INFO: [VRFC 10-2263] Analyzing Verilog file "D:/Github/ttgf_xoroshiro64/src/ring_osc.v" into library xil_defaultlib
INFO: [VRFC 10-311] analyzing module ring_osc
INFO: [VRFC 10-2263] Analyzing Verilog file "D:/Github/ttgf_xoroshiro64/src/tt_um_xoroshiro64plus_v2.v" into library xil_defaultlib
INFO: [VRFC 10-311] analyzing module tt_um_xoroshiro64plus_v2
INFO: [VRFC 10-2263] Analyzing Verilog file "D:/Github/ttgf_xoroshiro64/src/xoroshiro64p.v" into library xil_defaultlib
INFO: [VRFC 10-311] analyzing module xoroshiro64plus
INFO: [VRFC 10-2263] Analyzing Verilog file "D:/Github/ttgf_xoroshiro64/src/tb_tt_um_xoroshiro64plus_v2.v" into library xil_defaultlib
INFO: [VRFC 10-311] analyzing module tb_tt_um_xoroshiro64plus_v2
INFO: [USF-XSim-69] 'compile' step finished in '3' seconds
Command: launch_simulation -step elaborate -simset sim_1 -mode behavioral
INFO: [Vivado 12-12493] Simulation top is 'tb_tt_um_xoroshiro64plus_v2'
WARNING: [Vivado 12-13340] Unable to auto find GCC executables from simulator install path! (path not set)
INFO: [Vivado 12-5682] Launching behavioral simulation in 'D:/Github/ttgf_xoroshiro64/vivado/xoroshiro64/xoroshiro64.sim/sim_1/behav/xsim'
INFO: [SIM-utils-51] Simulation object is 'sim_1'
INFO: [USF-XSim-3] XSim::Elaborate design
INFO: [USF-XSim-61] Executing 'ELABORATE' step in 'D:/Github/ttgf_xoroshiro64/vivado/xoroshiro64/xoroshiro64.sim/sim_1/behav/xsim'
"xelab --incr --debug typical --relax --mt 2 -L xil_defaultlib -L unisims_ver -L unimacro_ver -L secureip --snapshot tb_tt_um_xoroshiro64plus_v2_behav xil_defaultlib.tb_tt_um_xoroshiro64plus_v2 xil_defaultlib.glbl -log elaborate.log"
Vivado Simulator v2024.1
Copyright 1986-2022 Xilinx, Inc. All Rights Reserved.
Copyright 2022-2024 Advanced Micro Devices, Inc. All Rights Reserved.
Running: D:/SOFTWARES/vivado2024/install/Vivado/2024.1/bin/unwrapped/win64.o/xelab.exe --incr --debug typical --relax --mt 2 -L xil_defaultlib -L unisims_ver -L unimacro_ver -L secureip --snapshot tb_tt_um_xoroshiro64plus_v2_behav xil_defaultlib.tb_tt_um_xoroshiro64plus_v2 xil_defaultlib.glbl -log elaborate.log 
Using 2 slave threads.
Starting static elaboration
Pass Through NonSizing Optimizer
Completed static elaboration
Starting simulation data flow analysis
WARNING: [XSIM 43-4099] "D:/Github/ttgf_xoroshiro64/src/tt_um_xoroshiro64plus_v2.v" Line 3. Module tt_um_xoroshiro64plus_v2 doesn't have a timescale but at least one module in design has a timescale.
WARNING: [XSIM 43-4099] "D:/Github/ttgf_xoroshiro64/src/ring_osc.v" Line 31. Module ring_osc(STAGES=53) doesn't have a timescale but at least one module in design has a timescale.
WARNING: [XSIM 43-4099] "D:/Github/ttgf_xoroshiro64/src/ring_osc.v" Line 31. Module ring_osc(STAGES=97) doesn't have a timescale but at least one module in design has a timescale.
WARNING: [XSIM 43-4099] "D:/Github/ttgf_xoroshiro64/src/xoroshiro64p.v" Line 186. Module xoroshiro64plus doesn't have a timescale but at least one module in design has a timescale.
WARNING: [XSIM 43-4099] "D:/Github/ttgf_xoroshiro64/src/tt_um_xoroshiro64plus_v2.v" Line 3. Module tt_um_xoroshiro64plus_v2 doesn't have a timescale but at least one module in design has a timescale.
WARNING: [XSIM 43-4099] "D:/Github/ttgf_xoroshiro64/src/ring_osc.v" Line 31. Module ring_osc(STAGES=53) doesn't have a timescale but at least one module in design has a timescale.
WARNING: [XSIM 43-4099] "D:/Github/ttgf_xoroshiro64/src/ring_osc.v" Line 31. Module ring_osc(STAGES=97) doesn't have a timescale but at least one module in design has a timescale.
WARNING: [XSIM 43-4099] "D:/Github/ttgf_xoroshiro64/src/xoroshiro64p.v" Line 186. Module xoroshiro64plus doesn't have a timescale but at least one module in design has a timescale.
Completed simulation data flow analysis
Time Resolution for simulation is 1ps
Compiling module xil_defaultlib.ring_osc(STAGES=53)
Compiling module xil_defaultlib.ring_osc(STAGES=97)
Compiling module xil_defaultlib.xoroshiro64plus
Compiling module xil_defaultlib.tt_um_xoroshiro64plus_v2
Compiling module xil_defaultlib.tb_tt_um_xoroshiro64plus_v2
Compiling module xil_defaultlib.glbl
Built simulation snapshot tb_tt_um_xoroshiro64plus_v2_behav
run_program: Time (s): cpu = 00:00:00 ; elapsed = 00:00:06 . Memory (MB): peak = 2668.312 ; gain = 0.000
INFO: [USF-XSim-69] 'elaborate' step finished in '6' seconds
launch_simulation: Time (s): cpu = 00:00:00 ; elapsed = 00:00:06 . Memory (MB): peak = 2668.312 ; gain = 0.000
Time resolution is 1 ps
================================================================
 Starting tb_tt_um_xoroshiro64plus_v2
================================================================
[70000] PASS: uo_out/uio_out/uio_oe all 0x00 after reset
[390000] PASS: default-seed first word = 0xa9acaefc
[890000] PASS: core stays idle while ena=0
relaunch_sim: Time (s): cpu = 00:00:02 ; elapsed = 00:00:12 . Memory (MB): peak = 2668.312 ; gain = 0.000
restart
INFO: [Wavedata 42-604] Simulation restarted
run 20 us
================================================================
 Starting tb_tt_um_xoroshiro64plus_v2
================================================================
[70000] PASS: uo_out/uio_out/uio_oe all 0x00 after reset
[390000] PASS: default-seed first word = 0xa9acaefc
[890000] PASS: core stays idle while ena=0
[1440000] FAIL: seeded first word = 0xacf13568, expected 0x00000003
--- Randomized regression on external clk path ---
--- RO clk_sel paths: confirming documented X-freeze behavior ---
[16420000] PASS (expected): core_clk/osc_20m settled to X with clk_sel=01 (untimed RO, no SDF)
[16520000] PASS (expected): core_clk/osc_10m settled to X with clk_sel=10
--- RO clk_sel paths: forced synthetic clock, validating mux + core logic ---
[17440000] FAIL: osc_20m mux path first word = 0xacf13568, expected 0x00000003
[18737000] FAIL: osc_10m mux path first word = 0xacf13568, expected 0x00000003
================================================================
 Golden-model live compare (clk_sel=00 only): 1619 cycles checked, 0 mismatches
 Directed/RO tests: 5 PASSED, 3 FAILED
 RESULT: TESTS FAILED
================================================================
$finish called at time : 18737400 ps : File "D:/Github/ttgf_xoroshiro64/src/tb_tt_um_xoroshiro64plus_v2.v" Line 440
current_wave_config {tb_xoroshiro64plus_v3_behav.wcfg}
tb_xoroshiro64plus_v3_behav.wcfg
add_wave {{/tb_tt_um_xoroshiro64plus_v2/dut/clk_sel}} 
restart
INFO: [Wavedata 42-604] Simulation restarted
run 20 us
================================================================
 Starting tb_tt_um_xoroshiro64plus_v2
================================================================
[70000] PASS: uo_out/uio_out/uio_oe all 0x00 after reset
[390000] PASS: default-seed first word = 0xa9acaefc
[890000] PASS: core stays idle while ena=0
[1440000] FAIL: seeded first word = 0xacf13568, expected 0x00000003
--- Randomized regression on external clk path ---
--- RO clk_sel paths: confirming documented X-freeze behavior ---
[16420000] PASS (expected): core_clk/osc_20m settled to X with clk_sel=01 (untimed RO, no SDF)
[16520000] PASS (expected): core_clk/osc_10m settled to X with clk_sel=10
--- RO clk_sel paths: forced synthetic clock, validating mux + core logic ---
[17440000] FAIL: osc_20m mux path first word = 0xacf13568, expected 0x00000003
[18737000] FAIL: osc_10m mux path first word = 0xacf13568, expected 0x00000003
================================================================
 Golden-model live compare (clk_sel=00 only): 1619 cycles checked, 0 mismatches
 Directed/RO tests: 5 PASSED, 3 FAILED
 RESULT: TESTS FAILED
================================================================
$finish called at time : 18737400 ps : File "D:/Github/ttgf_xoroshiro64/src/tb_tt_um_xoroshiro64plus_v2.v" Line 440
relaunch_sim
Command: launch_simulation -step compile -simset sim_1 -mode behavioral
INFO: [Vivado 12-12493] Simulation top is 'tb_tt_um_xoroshiro64plus_v2'
WARNING: [Vivado 12-13340] Unable to auto find GCC executables from simulator install path! (path not set)
INFO: [Vivado 12-5682] Launching behavioral simulation in 'D:/Github/ttgf_xoroshiro64/vivado/xoroshiro64/xoroshiro64.sim/sim_1/behav/xsim'
INFO: [SIM-utils-51] Simulation object is 'sim_1'
INFO: [USF-XSim-2] XSim::Compile design
INFO: [USF-XSim-61] Executing 'COMPILE and ANALYZE' step in 'D:/Github/ttgf_xoroshiro64/vivado/xoroshiro64/xoroshiro64.sim/sim_1/behav/xsim'
"xvlog --incr --relax -prj tb_tt_um_xoroshiro64plus_v2_vlog.prj"
INFO: [VRFC 10-2263] Analyzing Verilog file "D:/Github/ttgf_xoroshiro64/src/ring_osc.v" into library xil_defaultlib
INFO: [VRFC 10-311] analyzing module ring_osc
INFO: [VRFC 10-2263] Analyzing Verilog file "D:/Github/ttgf_xoroshiro64/src/tt_um_xoroshiro64plus_v2.v" into library xil_defaultlib
INFO: [VRFC 10-311] analyzing module tt_um_xoroshiro64plus_v2
INFO: [VRFC 10-2263] Analyzing Verilog file "D:/Github/ttgf_xoroshiro64/src/xoroshiro64p.v" into library xil_defaultlib
INFO: [VRFC 10-311] analyzing module xoroshiro64plus
INFO: [VRFC 10-2263] Analyzing Verilog file "D:/Github/ttgf_xoroshiro64/src/tb_tt_um_xoroshiro64plus_v2.v" into library xil_defaultlib
INFO: [VRFC 10-311] analyzing module tb_tt_um_xoroshiro64plus_v2
INFO: [USF-XSim-69] 'compile' step finished in '3' seconds
Command: launch_simulation -step elaborate -simset sim_1 -mode behavioral
INFO: [Vivado 12-12493] Simulation top is 'tb_tt_um_xoroshiro64plus_v2'
WARNING: [Vivado 12-13340] Unable to auto find GCC executables from simulator install path! (path not set)
INFO: [Vivado 12-5682] Launching behavioral simulation in 'D:/Github/ttgf_xoroshiro64/vivado/xoroshiro64/xoroshiro64.sim/sim_1/behav/xsim'
INFO: [SIM-utils-51] Simulation object is 'sim_1'
INFO: [USF-XSim-3] XSim::Elaborate design
INFO: [USF-XSim-61] Executing 'ELABORATE' step in 'D:/Github/ttgf_xoroshiro64/vivado/xoroshiro64/xoroshiro64.sim/sim_1/behav/xsim'
"xelab --incr --debug typical --relax --mt 2 -L xil_defaultlib -L unisims_ver -L unimacro_ver -L secureip --snapshot tb_tt_um_xoroshiro64plus_v2_behav xil_defaultlib.tb_tt_um_xoroshiro64plus_v2 xil_defaultlib.glbl -log elaborate.log"
Vivado Simulator v2024.1
Copyright 1986-2022 Xilinx, Inc. All Rights Reserved.
Copyright 2022-2024 Advanced Micro Devices, Inc. All Rights Reserved.
Running: D:/SOFTWARES/vivado2024/install/Vivado/2024.1/bin/unwrapped/win64.o/xelab.exe --incr --debug typical --relax --mt 2 -L xil_defaultlib -L unisims_ver -L unimacro_ver -L secureip --snapshot tb_tt_um_xoroshiro64plus_v2_behav xil_defaultlib.tb_tt_um_xoroshiro64plus_v2 xil_defaultlib.glbl -log elaborate.log 
Using 2 slave threads.
Starting static elaboration
Pass Through NonSizing Optimizer
Completed static elaboration
Starting simulation data flow analysis
WARNING: [XSIM 43-4099] "D:/Github/ttgf_xoroshiro64/src/tt_um_xoroshiro64plus_v2.v" Line 3. Module tt_um_xoroshiro64plus_v2 doesn't have a timescale but at least one module in design has a timescale.
WARNING: [XSIM 43-4099] "D:/Github/ttgf_xoroshiro64/src/ring_osc.v" Line 31. Module ring_osc(STAGES=53) doesn't have a timescale but at least one module in design has a timescale.
WARNING: [XSIM 43-4099] "D:/Github/ttgf_xoroshiro64/src/ring_osc.v" Line 31. Module ring_osc(STAGES=97) doesn't have a timescale but at least one module in design has a timescale.
WARNING: [XSIM 43-4099] "D:/Github/ttgf_xoroshiro64/src/xoroshiro64p.v" Line 186. Module xoroshiro64plus doesn't have a timescale but at least one module in design has a timescale.
WARNING: [XSIM 43-4099] "D:/Github/ttgf_xoroshiro64/src/tt_um_xoroshiro64plus_v2.v" Line 3. Module tt_um_xoroshiro64plus_v2 doesn't have a timescale but at least one module in design has a timescale.
WARNING: [XSIM 43-4099] "D:/Github/ttgf_xoroshiro64/src/ring_osc.v" Line 31. Module ring_osc(STAGES=53) doesn't have a timescale but at least one module in design has a timescale.
WARNING: [XSIM 43-4099] "D:/Github/ttgf_xoroshiro64/src/ring_osc.v" Line 31. Module ring_osc(STAGES=97) doesn't have a timescale but at least one module in design has a timescale.
WARNING: [XSIM 43-4099] "D:/Github/ttgf_xoroshiro64/src/xoroshiro64p.v" Line 186. Module xoroshiro64plus doesn't have a timescale but at least one module in design has a timescale.
Completed simulation data flow analysis
Time Resolution for simulation is 1ps
Compiling module xil_defaultlib.ring_osc(STAGES=53)
Compiling module xil_defaultlib.ring_osc(STAGES=97)
Compiling module xil_defaultlib.xoroshiro64plus
Compiling module xil_defaultlib.tt_um_xoroshiro64plus_v2
Compiling module xil_defaultlib.tb_tt_um_xoroshiro64plus_v2
Compiling module xil_defaultlib.glbl
Built simulation snapshot tb_tt_um_xoroshiro64plus_v2_behav
run_program: Time (s): cpu = 00:00:01 ; elapsed = 00:00:06 . Memory (MB): peak = 2668.312 ; gain = 0.000
INFO: [USF-XSim-69] 'elaborate' step finished in '6' seconds
launch_simulation: Time (s): cpu = 00:00:01 ; elapsed = 00:00:06 . Memory (MB): peak = 2668.312 ; gain = 0.000
Time resolution is 1 ps
================================================================
 Starting tb_tt_um_xoroshiro64plus_v2
================================================================
[70000] PASS: uo_out/uio_out/uio_oe all 0x00 after reset
[390000] PASS: default-seed first word = 0xa9acaefc
[890000] PASS: core stays idle while ena=0
relaunch_sim: Time (s): cpu = 00:00:01 ; elapsed = 00:00:12 . Memory (MB): peak = 2668.312 ; gain = 0.000
restart
INFO: [Wavedata 42-604] Simulation restarted
run 20 us
================================================================
 Starting tb_tt_um_xoroshiro64plus_v2
================================================================
[70000] PASS: uo_out/uio_out/uio_oe all 0x00 after reset
[390000] PASS: default-seed first word = 0xa9acaefc
[890000] PASS: core stays idle while ena=0
[1440000] FAIL: seeded first word = 0xacf13568, expected 0x00000003
--- Randomized regression on external clk path ---
--- RO clk_sel paths: confirming documented X-freeze behavior ---
[16420000] PASS (expected): core_clk/osc_20m settled to X with clk_sel=01 (untimed RO, no SDF)
[16520000] PASS (expected): core_clk/osc_10m settled to X with clk_sel=10
--- RO clk_sel paths: forced synthetic clock, validating mux + core logic ---
[17440000] FAIL: osc_20m mux path first word = 0xacf13568, expected 0x00000003
[18737000] FAIL: osc_10m mux path first word = 0xacf13568, expected 0x00000003
================================================================
 Golden-model live compare (clk_sel=00 only): 1619 cycles checked, 0 mismatches
 Directed/RO tests: 5 PASSED, 3 FAILED
 RESULT: TESTS FAILED
================================================================
$finish called at time : 18737400 ps : File "D:/Github/ttgf_xoroshiro64/src/tb_tt_um_xoroshiro64plus_v2.v" Line 440
relaunch_sim
Command: launch_simulation -step compile -simset sim_1 -mode behavioral
INFO: [Vivado 12-12493] Simulation top is 'tb_tt_um_xoroshiro64plus_v2'
WARNING: [Vivado 12-13340] Unable to auto find GCC executables from simulator install path! (path not set)
INFO: [Vivado 12-5682] Launching behavioral simulation in 'D:/Github/ttgf_xoroshiro64/vivado/xoroshiro64/xoroshiro64.sim/sim_1/behav/xsim'
INFO: [SIM-utils-51] Simulation object is 'sim_1'
INFO: [USF-XSim-2] XSim::Compile design
INFO: [USF-XSim-61] Executing 'COMPILE and ANALYZE' step in 'D:/Github/ttgf_xoroshiro64/vivado/xoroshiro64/xoroshiro64.sim/sim_1/behav/xsim'
"xvlog --incr --relax -prj tb_tt_um_xoroshiro64plus_v2_vlog.prj"
INFO: [VRFC 10-2263] Analyzing Verilog file "D:/Github/ttgf_xoroshiro64/src/ring_osc.v" into library xil_defaultlib
INFO: [VRFC 10-311] analyzing module ring_osc
INFO: [VRFC 10-2263] Analyzing Verilog file "D:/Github/ttgf_xoroshiro64/src/tt_um_xoroshiro64plus_v2.v" into library xil_defaultlib
INFO: [VRFC 10-311] analyzing module tt_um_xoroshiro64plus_v2
INFO: [VRFC 10-2263] Analyzing Verilog file "D:/Github/ttgf_xoroshiro64/src/xoroshiro64p.v" into library xil_defaultlib
INFO: [VRFC 10-311] analyzing module xoroshiro64plus
INFO: [VRFC 10-2263] Analyzing Verilog file "D:/Github/ttgf_xoroshiro64/src/tb_tt_um_xoroshiro64plus_v2.v" into library xil_defaultlib
INFO: [VRFC 10-311] analyzing module tb_tt_um_xoroshiro64plus_v2
INFO: [USF-XSim-69] 'compile' step finished in '5' seconds
Command: launch_simulation -step elaborate -simset sim_1 -mode behavioral
INFO: [Vivado 12-12493] Simulation top is 'tb_tt_um_xoroshiro64plus_v2'
WARNING: [Vivado 12-13340] Unable to auto find GCC executables from simulator install path! (path not set)
INFO: [Vivado 12-5682] Launching behavioral simulation in 'D:/Github/ttgf_xoroshiro64/vivado/xoroshiro64/xoroshiro64.sim/sim_1/behav/xsim'
INFO: [SIM-utils-51] Simulation object is 'sim_1'
INFO: [USF-XSim-3] XSim::Elaborate design
INFO: [USF-XSim-61] Executing 'ELABORATE' step in 'D:/Github/ttgf_xoroshiro64/vivado/xoroshiro64/xoroshiro64.sim/sim_1/behav/xsim'
"xelab --incr --debug typical --relax --mt 2 -L xil_defaultlib -L unisims_ver -L unimacro_ver -L secureip --snapshot tb_tt_um_xoroshiro64plus_v2_behav xil_defaultlib.tb_tt_um_xoroshiro64plus_v2 xil_defaultlib.glbl -log elaborate.log"
Vivado Simulator v2024.1
Copyright 1986-2022 Xilinx, Inc. All Rights Reserved.
Copyright 2022-2024 Advanced Micro Devices, Inc. All Rights Reserved.
Running: D:/SOFTWARES/vivado2024/install/Vivado/2024.1/bin/unwrapped/win64.o/xelab.exe --incr --debug typical --relax --mt 2 -L xil_defaultlib -L unisims_ver -L unimacro_ver -L secureip --snapshot tb_tt_um_xoroshiro64plus_v2_behav xil_defaultlib.tb_tt_um_xoroshiro64plus_v2 xil_defaultlib.glbl -log elaborate.log 
Using 2 slave threads.
Starting static elaboration
Pass Through NonSizing Optimizer
Completed static elaboration
Starting simulation data flow analysis
WARNING: [XSIM 43-4099] "D:/Github/ttgf_xoroshiro64/src/tt_um_xoroshiro64plus_v2.v" Line 3. Module tt_um_xoroshiro64plus_v2 doesn't have a timescale but at least one module in design has a timescale.
WARNING: [XSIM 43-4099] "D:/Github/ttgf_xoroshiro64/src/ring_osc.v" Line 31. Module ring_osc(STAGES=53) doesn't have a timescale but at least one module in design has a timescale.
WARNING: [XSIM 43-4099] "D:/Github/ttgf_xoroshiro64/src/ring_osc.v" Line 31. Module ring_osc(STAGES=97) doesn't have a timescale but at least one module in design has a timescale.
WARNING: [XSIM 43-4099] "D:/Github/ttgf_xoroshiro64/src/xoroshiro64p.v" Line 186. Module xoroshiro64plus doesn't have a timescale but at least one module in design has a timescale.
WARNING: [XSIM 43-4099] "D:/Github/ttgf_xoroshiro64/src/tt_um_xoroshiro64plus_v2.v" Line 3. Module tt_um_xoroshiro64plus_v2 doesn't have a timescale but at least one module in design has a timescale.
WARNING: [XSIM 43-4099] "D:/Github/ttgf_xoroshiro64/src/ring_osc.v" Line 31. Module ring_osc(STAGES=53) doesn't have a timescale but at least one module in design has a timescale.
WARNING: [XSIM 43-4099] "D:/Github/ttgf_xoroshiro64/src/ring_osc.v" Line 31. Module ring_osc(STAGES=97) doesn't have a timescale but at least one module in design has a timescale.
WARNING: [XSIM 43-4099] "D:/Github/ttgf_xoroshiro64/src/xoroshiro64p.v" Line 186. Module xoroshiro64plus doesn't have a timescale but at least one module in design has a timescale.
Completed simulation data flow analysis
Time Resolution for simulation is 1ps
Compiling module xil_defaultlib.ring_osc(STAGES=53)
Compiling module xil_defaultlib.ring_osc(STAGES=97)
Compiling module xil_defaultlib.xoroshiro64plus
Compiling module xil_defaultlib.tt_um_xoroshiro64plus_v2
Compiling module xil_defaultlib.tb_tt_um_xoroshiro64plus_v2
Compiling module xil_defaultlib.glbl
Built simulation snapshot tb_tt_um_xoroshiro64plus_v2_behav
run_program: Time (s): cpu = 00:00:00 ; elapsed = 00:00:10 . Memory (MB): peak = 2668.312 ; gain = 0.000
INFO: [USF-XSim-69] 'elaborate' step finished in '9' seconds
launch_simulation: Time (s): cpu = 00:00:00 ; elapsed = 00:00:10 . Memory (MB): peak = 2668.312 ; gain = 0.000
Time resolution is 1 ps
================================================================
 Starting tb_tt_um_xoroshiro64plus_v2
================================================================
[70000] PASS: uo_out/uio_out/uio_oe all 0x00 after reset
[390000] PASS: default-seed first word = 0xa9acaefc
[890000] PASS: core stays idle while ena=0
relaunch_sim: Time (s): cpu = 00:00:02 ; elapsed = 00:00:17 . Memory (MB): peak = 2670.066 ; gain = 1.754
restart
INFO: [Wavedata 42-604] Simulation restarted
run 20 us
================================================================
 Starting tb_tt_um_xoroshiro64plus_v2
================================================================
[70000] PASS: uo_out/uio_out/uio_oe all 0x00 after reset
[390000] PASS: default-seed first word = 0xa9acaefc
[890000] PASS: core stays idle while ena=0
[1440000] PASS: seeded first word = 0xacf13568
--- Verifying ro_noise has a real effect on state evolution ---
[3180000] PASS: first word identical regardless of ro_noise (pre-update sum, as expected)
[3180000] PASS: second word differs between ro_noise=0 (0xe72f7f94) and ro_noise=1 (0x662efe95) -- ro_noise is live
--- Randomized regression on external clk path ---
--- RO clk_sel paths: confirming documented X-freeze behavior ---
[18160000] PASS (expected): core_clk/osc_20m settled to X with clk_sel=01 (untimed RO, no SDF)
[18260000] PASS (expected): core_clk/osc_10m settled to X with clk_sel=10
--- RO clk_sel paths: forced synthetic clock, validating mux + core logic ---
current_wave_config {tb_xoroshiro64plus_v3_behav.wcfg}
tb_xoroshiro64plus_v3_behav.wcfg
add_wave {{/tb_tt_um_xoroshiro64plus_v2/dut/uio_in}} 
restart
INFO: [Wavedata 42-604] Simulation restarted
run 20 us
================================================================
 Starting tb_tt_um_xoroshiro64plus_v2
================================================================
[70000] PASS: uo_out/uio_out/uio_oe all 0x00 after reset
[390000] PASS: default-seed first word = 0xa9acaefc
[890000] PASS: core stays idle while ena=0
[1440000] PASS: seeded first word = 0xacf13568
--- Verifying ro_noise has a real effect on state evolution ---
[3180000] PASS: first word identical regardless of ro_noise (pre-update sum, as expected)
[3180000] PASS: second word differs between ro_noise=0 (0xe72f7f94) and ro_noise=1 (0x662efe95) -- ro_noise is live
--- Randomized regression on external clk path ---
--- RO clk_sel paths: confirming documented X-freeze behavior ---
[18160000] PASS (expected): core_clk/osc_20m settled to X with clk_sel=01 (untimed RO, no SDF)
[18260000] PASS (expected): core_clk/osc_10m settled to X with clk_sel=10
--- RO clk_sel paths: forced synthetic clock, validating mux + core logic ---
save_wave_config {D:/Github/ttgf_xoroshiro64/vivado/xoroshiro64/tb_xoroshiro64plus_v3_behav.wcfg}
close_sim
INFO: [Simtcl 6-16] Simulation closed
exit
INFO: [Common 17-206] Exiting Vivado at Sun Jun 21 23:16:01 2026...
