Vivado Simulator v2024.1
Copyright 1986-2022 Xilinx, Inc. All Rights Reserved.
Copyright 2022-2024 Advanced Micro Devices, Inc. All Rights Reserved.
Running: D:/SOFTWARES/vivado2024/install/Vivado/2024.1/bin/unwrapped/win64.o/xelab.exe --incr --debug typical --relax --mt 2 -L xil_defaultlib -L unisims_ver -L unimacro_ver -L secureip --snapshot tb_tt_um_xoroshiro64plus_v2_behav xil_defaultlib.tb_tt_um_xoroshiro64plus_v2 xil_defaultlib.glbl -log elaborate.log 
Using 2 slave threads.
Starting static elaboration
Pass Through NonSizing Optimizer
Completed static elaboration
Starting simulation data flow analysis
WARNING: [XSIM 43-4099] "D:/Github/ttgf_xoroshiro64/src/tt_um_xoroshiro64plus_v2.v" Line 3. Module tt_um_xoroshiro64plus_v2 doesn't have a timescale but at least one module in design has a timescale.
WARNING: [XSIM 43-4099] "D:/Github/ttgf_xoroshiro64/src/tt_um_xoroshiro64plus_v2.v" Line 59. Module ring_osc_fpga_default doesn't have a timescale but at least one module in design has a timescale.
WARNING: [XSIM 43-4099] "D:/Github/ttgf_xoroshiro64/src/tt_um_xoroshiro64plus_v2.v" Line 59. Module ring_osc_fpga(STAGES=35) doesn't have a timescale but at least one module in design has a timescale.
WARNING: [XSIM 43-4099] "D:/Github/ttgf_xoroshiro64/src/xoroshiro64p.v" Line 186. Module xoroshiro64plus doesn't have a timescale but at least one module in design has a timescale.
WARNING: [XSIM 43-4099] "D:/Github/ttgf_xoroshiro64/src/tt_um_xoroshiro64plus_v2.v" Line 3. Module tt_um_xoroshiro64plus_v2 doesn't have a timescale but at least one module in design has a timescale.
WARNING: [XSIM 43-4099] "D:/Github/ttgf_xoroshiro64/src/tt_um_xoroshiro64plus_v2.v" Line 59. Module ring_osc_fpga_default doesn't have a timescale but at least one module in design has a timescale.
WARNING: [XSIM 43-4099] "D:/Github/ttgf_xoroshiro64/src/tt_um_xoroshiro64plus_v2.v" Line 59. Module ring_osc_fpga(STAGES=35) doesn't have a timescale but at least one module in design has a timescale.
WARNING: [XSIM 43-4099] "D:/Github/ttgf_xoroshiro64/src/xoroshiro64p.v" Line 186. Module xoroshiro64plus doesn't have a timescale but at least one module in design has a timescale.
Completed simulation data flow analysis
Time Resolution for simulation is 1ps
Compiling module xil_defaultlib.ring_osc_fpga_default
Compiling module xil_defaultlib.ring_osc_fpga(STAGES=35)
Compiling module xil_defaultlib.xoroshiro64plus
Compiling module xil_defaultlib.tt_um_xoroshiro64plus_v2
Compiling module xil_defaultlib.tb_tt_um_xoroshiro64plus_v2
Compiling module xil_defaultlib.glbl
Built simulation snapshot tb_tt_um_xoroshiro64plus_v2_behav
