Copyright 1986-2022 Xilinx, Inc. All Rights Reserved. Copyright 2022-2024 Advanced Micro Devices, Inc. All Rights Reserved.
---------------------------------------------------------------------------------------------------------------------------------------------------------------
| Tool Version : Vivado v.2024.1 (win64) Build 5076996 Wed May 22 18:37:14 MDT 2024
| Date         : Sun Jun 21 16:37:04 2026
| Host         : GHOST running 64-bit major release  (build 9200)
| Command      : report_drc -file tt_um_xoroshiro64plus_v2_drc_opted.rpt -pb tt_um_xoroshiro64plus_v2_drc_opted.pb -rpx tt_um_xoroshiro64plus_v2_drc_opted.rpx
| Design       : tt_um_xoroshiro64plus_v2
| Device       : xc7k70tfbv676-1
| Speed File   : -1
| Design State : Synthesized
---------------------------------------------------------------------------------------------------------------------------------------------------------------

Report DRC

Table of Contents
-----------------
1. REPORT SUMMARY
2. REPORT DETAILS

1. REPORT SUMMARY
-----------------
            Netlist: netlist
          Floorplan: checkpoint_tt_um_xoroshiro64plus_v2
      Design limits: <entire design considered>
           Ruledeck: default
             Max violations: <unlimited>
             Violations found: 5
+----------+------------------+-----------------------------------------------------+------------+
| Rule     | Severity         | Description                                         | Violations |
+----------+------------------+-----------------------------------------------------+------------+
| LUTLP-1  | Critical Warning | Combinatorial Loop Alert                            | 2          |
| NSTD-1   | Critical Warning | Unspecified I/O Standard                            | 1          |
| UCIO-1   | Critical Warning | Unconstrained Logical Port                          | 1          |
| CFGBVS-1 | Warning          | Missing CFGBVS and CONFIG_VOLTAGE Design Properties | 1          |
+----------+------------------+-----------------------------------------------------+------------+

2. REPORT DETAILS
-----------------
LUTLP-1#1 Critical Warning
Combinatorial Loop Alert  
21 LUT cells form a combinatorial loop. This can create a race condition. Timing analysis may not be accurate. The preferred resolution is to modify the design to remove combinatorial logic loops. If the loop is known and understood, this DRC can be bypassed by acknowledging the condition and setting the following XDC constraint on any one of the nets in the loop: 'set_property ALLOW_COMBINATORIAL_LOOPS TRUE [get_nets <myHier/myNet>]'. One net in the loop is ro50/chain[20]. Please evaluate your design. The cells in the loop are: ro50/chain_inferred_i_1, ro50/chain_inferred_i_10,
ro50/chain_inferred_i_11, ro50/chain_inferred_i_12,
ro50/chain_inferred_i_13, ro50/chain_inferred_i_14,
ro50/chain_inferred_i_15, ro50/chain_inferred_i_2, ro50/chain_inferred_i_3,
ro50/chain_inferred_i_4, ro50/chain_inferred_i_5, ro50/chain_inferred_i_6,
ro50/chain_inferred_i_7, ro50/chain_inferred_i_8, ro50/chain_inferred_i_9
 (the first 15 of 21 listed).
Related violations: <none>

LUTLP-1#2 Critical Warning
Combinatorial Loop Alert  
35 LUT cells form a combinatorial loop. This can create a race condition. Timing analysis may not be accurate. The preferred resolution is to modify the design to remove combinatorial logic loops. If the loop is known and understood, this DRC can be bypassed by acknowledging the condition and setting the following XDC constraint on any one of the nets in the loop: 'set_property ALLOW_COMBINATORIAL_LOOPS TRUE [get_nets <myHier/myNet>]'. One net in the loop is ro30/chain[34]. Please evaluate your design. The cells in the loop are: ro30/chain_inferred_i_1, ro30/chain_inferred_i_10,
ro30/chain_inferred_i_11, ro30/chain_inferred_i_12,
ro30/chain_inferred_i_13, ro30/chain_inferred_i_14,
ro30/chain_inferred_i_15, ro30/chain_inferred_i_2, ro30/chain_inferred_i_3,
ro30/chain_inferred_i_4, ro30/chain_inferred_i_5, ro30/chain_inferred_i_6,
ro30/chain_inferred_i_7, ro30/chain_inferred_i_8, ro30/chain_inferred_i_9
 (the first 15 of 35 listed).
Related violations: <none>

NSTD-1#1 Critical Warning
Unspecified I/O Standard  
43 out of 43 logical ports use I/O standard (IOSTANDARD) value 'DEFAULT', instead of a user assigned specific value. This may cause I/O contention or incompatibility with the board power or connectivity affecting performance, signal integrity or in extreme cases cause damage to the device or the components to which it is connected. To correct this violation, specify all I/O standards. This design will fail to generate a bitstream unless all logical ports have a user specified I/O standard value defined. To allow bitstream creation with unspecified I/O standard values (not recommended), use this command: set_property SEVERITY {Warning} [get_drc_checks NSTD-1].  NOTE: When using the Vivado Runs infrastructure (e.g. launch_runs Tcl command), add this command to a .tcl file and add that file as a pre-hook for write_bitstream step for the implementation run. Problem ports: clk, ena, rst_n, ui_in[7:0], uio_in[7:0], uio_oe[7:0], uio_out[7:0]
uo_out[7:0].
Related violations: <none>

UCIO-1#1 Critical Warning
Unconstrained Logical Port  
43 out of 43 logical ports have no user assigned specific location constraint (LOC). This may cause I/O contention or incompatibility with the board power or connectivity affecting performance, signal integrity or in extreme cases cause damage to the device or the components to which it is connected. To correct this violation, specify all pin locations. This design will fail to generate a bitstream unless all logical ports have a user specified site LOC constraint defined.  To allow bitstream creation with unspecified pin locations (not recommended), use this command: set_property SEVERITY {Warning} [get_drc_checks UCIO-1].  NOTE: When using the Vivado Runs infrastructure (e.g. launch_runs Tcl command), add this command to a .tcl file and add that file as a pre-hook for write_bitstream step for the implementation run.  Problem ports: clk, ena, rst_n, ui_in[7:0], uio_in[7:0], uio_oe[7:0], uio_out[7:0]
uo_out[7:0].
Related violations: <none>

CFGBVS-1#1 Warning
Missing CFGBVS and CONFIG_VOLTAGE Design Properties  
Neither the CFGBVS nor CONFIG_VOLTAGE voltage property is set in the current_design.  Configuration bank voltage select (CFGBVS) must be set to VCCO or GND, and CONFIG_VOLTAGE must be set to the correct configuration voltage, in order to determine the I/O voltage support for the pins in bank 0.  It is suggested to specify these either using the 'Edit Device Properties' function in the GUI or directly in the XDC file using the following syntax:

 set_property CFGBVS value1 [current_design]
 #where value1 is either VCCO or GND

 set_property CONFIG_VOLTAGE value2 [current_design]
 #where value2 is the voltage provided to configuration bank 0

Refer to the device configuration user guide for more information.
Related violations: <none>


