Copyright 1986-2022 Xilinx, Inc. All Rights Reserved. Copyright 2022-2024 Advanced Micro Devices, Inc. All Rights Reserved.
---------------------------------------------------------------------------------------------------------------------------------------------
| Tool Version : Vivado v.2024.1 (win64) Build 5076996 Wed May 22 18:37:14 MDT 2024
| Date         : Sun Jun 21 16:37:10 2026
| Host         : GHOST running 64-bit major release  (build 9200)
| Command      : report_control_sets -verbose -file tt_um_xoroshiro64plus_v2_control_sets_placed.rpt
| Design       : tt_um_xoroshiro64plus_v2
| Device       : xc7k70t
---------------------------------------------------------------------------------------------------------------------------------------------

Control Set Information

Table of Contents
-----------------
1. Summary
2. Histogram
3. Flip-Flop Distribution
4. Detailed Control Set Information

1. Summary
----------

+----------------------------------------------------------+-------+
|                          Status                          | Count |
+----------------------------------------------------------+-------+
| Total control sets                                       |    10 |
|    Minimum number of control sets                        |    10 |
|    Addition due to synthesis replication                 |     0 |
|    Addition due to physical synthesis replication        |     0 |
| Unused register locations in slices containing registers |     9 |
+----------------------------------------------------------+-------+
* Control sets can be merged at opt_design using control_set_merge or merge_equivalent_drivers
** Run report_qor_suggestions for automated merging and remapping suggestions


2. Histogram
------------

+--------------------+-------+
|       Fanout       | Count |
+--------------------+-------+
| Total control sets |    10 |
| >= 0 to < 4        |     1 |
| >= 4 to < 6        |     0 |
| >= 6 to < 8        |     0 |
| >= 8 to < 10       |     8 |
| >= 10 to < 12      |     0 |
| >= 12 to < 14      |     0 |
| >= 14 to < 16      |     0 |
| >= 16              |     1 |
+--------------------+-------+
* Control sets can be remapped at either synth_design or opt_design


3. Flip-Flop Distribution
-------------------------

+--------------+-----------------------+------------------------+-----------------+--------------+
| Clock Enable | Synchronous Set/Reset | Asynchronous Set/Reset | Total Registers | Total Slices |
+--------------+-----------------------+------------------------+-----------------+--------------+
| No           | No                    | No                     |               0 |            0 |
| No           | No                    | Yes                    |               1 |            1 |
| No           | Yes                   | No                     |               0 |            0 |
| Yes          | No                    | No                     |               0 |            0 |
| Yes          | No                    | Yes                    |             102 |           38 |
| Yes          | Yes                   | No                     |               0 |            0 |
+--------------+-----------------------+------------------------+-----------------+--------------+


4. Detailed Control Set Information
-----------------------------------

+----------------+---------------------------+-----------------------+------------------+----------------+--------------+
|  Clock Signal  |       Enable Signal       |    Set/Reset Signal   | Slice Load Count | Bel Load Count | Bels / Slice |
+----------------+---------------------------+-----------------------+------------------+----------------+--------------+
|  core_clk_BUFG |                           | u_core/s0[31]_i_3_n_0 |                1 |              1 |         1.00 |
|  core_clk_BUFG | u_core/s1[15]_i_1_n_0     | u_core/s0[31]_i_3_n_0 |                2 |              8 |         4.00 |
|  core_clk_BUFG | u_core/s0[31]_i_1_n_0     | u_core/s0[31]_i_3_n_0 |                4 |              8 |         2.00 |
|  core_clk_BUFG | u_core/s0[23]_i_1_n_0     | u_core/s0[31]_i_3_n_0 |                4 |              8 |         2.00 |
|  core_clk_BUFG | u_core/s0[15]_i_1_n_0     | u_core/s0[31]_i_3_n_0 |                3 |              8 |         2.67 |
|  core_clk_BUFG | u_core/s0[7]_i_1_n_0      | u_core/s0[31]_i_3_n_0 |                4 |              8 |         2.00 |
|  core_clk_BUFG | u_core/s1[31]_i_1_n_0     | u_core/s0[31]_i_3_n_0 |                2 |              8 |         4.00 |
|  core_clk_BUFG | u_core/s1[7]_i_1_n_0      | u_core/s0[31]_i_3_n_0 |                2 |              8 |         4.00 |
|  core_clk_BUFG | u_core/s1[23]_i_1_n_0     | u_core/s0[31]_i_3_n_0 |                3 |              8 |         2.67 |
|  core_clk_BUFG | u_core/bit_cnt[5]_i_1_n_0 | u_core/s0[31]_i_3_n_0 |               14 |             38 |         2.71 |
+----------------+---------------------------+-----------------------+------------------+----------------+--------------+


